[    0.000000] Initializing cgroup subsys cpuset
[    0.000000] Initializing cgroup subsys cpu
[    0.000000] Initializing cgroup subsys cpuacct
[    0.000000] Linux version 4.4.0-210-generic (buildd@lgw01-amd64-009) (gcc version 5.4.0 20160609 (Ubuntu 5.4.0-6ubuntu1~16.04.12) ) #242-Ubuntu SMP Fri Apr 16 09:57:56 UTC 2021 (Ubuntu 4.4.0-210.242-generic 4.4.262)
[    0.000000] Command line: BOOT_IMAGE=/boot/vmlinuz-4.4.0-210-generic root=LABEL=cloudimg-rootfs ro console=tty1 console=ttyS0
[    0.000000] KERNEL supported cpus:
[    0.000000]   Intel GenuineIntel
[    0.000000]   AMD AuthenticAMD
[    0.000000]   Centaur CentaurHauls
[    0.000000] [Firmware Bug]: TSC doesn't count with P0 frequency!
[    0.000000] x86/fpu: xstate_offset[2]:  576, xstate_sizes[2]:  256
[    0.000000] x86/fpu: Supporting XSAVE feature 0x01: 'x87 floating point registers'
[    0.000000] x86/fpu: Supporting XSAVE feature 0x02: 'SSE registers'
[    0.000000] x86/fpu: Supporting XSAVE feature 0x04: 'AVX registers'
[    0.000000] x86/fpu: Enabled xstate features 0x7, context size is 832 bytes, using 'standard' format.
[    0.000000] e820: BIOS-provided physical RAM map:
[    0.000000] BIOS-e820: [mem 0x0000000000000000-0x000000000009fbff] usable
[    0.000000] BIOS-e820: [mem 0x000000000009fc00-0x000000000009ffff] reserved
[    0.000000] BIOS-e820: [mem 0x00000000000f0000-0x00000000000fffff] reserved
[    0.000000] BIOS-e820: [mem 0x0000000000100000-0x000000003ffeffff] usable
[    0.000000] BIOS-e820: [mem 0x000000003fff0000-0x000000003fffffff] ACPI data
[    0.000000] BIOS-e820: [mem 0x00000000fec00000-0x00000000fec00fff] reserved
[    0.000000] BIOS-e820: [mem 0x00000000fee00000-0x00000000fee00fff] reserved
[    0.000000] BIOS-e820: [mem 0x00000000fffc0000-0x00000000ffffffff] reserved
[    0.000000] NX (Execute Disable) protection: active
[    0.000000] SMBIOS 2.5 present.
[    0.000000] Hypervisor detected: KVM
[    0.000000] Kernel/User page tables isolation: disabled
[    0.000000] AGP: No AGP bridge found
[    0.000000] e820: last_pfn = 0x3fff0 max_arch_pfn = 0x400000000
[    0.000000] MTRR: Disabled
[    0.000000] x86/PAT: MTRRs disabled, skipping PAT initialization too.
[    0.000000] CPU MTRRs all blank - virtualized system.
[    0.000000] x86/PAT: Configuration [0-7]: WB  WT  UC- UC  WB  WT  UC- UC  
[    0.000000] found SMP MP-table at [mem 0x0009fff0-0x0009ffff] mapped at [ffff88000009fff0]
[    0.000000] Scanning 1 areas for low memory corruption
[    0.000000] RAMDISK: [mem 0x3613c000-0x37095fff]
[    0.000000] ACPI: Early table checksum verification disabled
[    0.000000] ACPI: RSDP 0x00000000000E0000 000024 (v02 VBOX  )
[    0.000000] ACPI: XSDT 0x000000003FFF0030 00003C (v01 VBOX   VBOXXSDT 00000001 ASL  00000061)
[    0.000000] ACPI: FACP 0x000000003FFF00F0 0000F4 (v04 VBOX   VBOXFACP 00000001 ASL  00000061)
[    0.000000] ACPI: DSDT 0x000000003FFF0470 002325 (v02 VBOX   VBOXBIOS 00000002 INTL 20190509)
[    0.000000] ACPI: FACS 0x000000003FFF0200 000040
[    0.000000] ACPI: FACS 0x000000003FFF0200 000040
[    0.000000] ACPI: APIC 0x000000003FFF0240 00005C (v02 VBOX   VBOXAPIC 00000001 ASL  00000061)
[    0.000000] ACPI: SSDT 0x000000003FFF02A0 0001CC (v01 VBOX   VBOXCPUT 00000002 INTL 20190509)
[    0.000000] No NUMA configuration found
[    0.000000] Faking a node at [mem 0x0000000000000000-0x000000003ffeffff]
[    0.000000] NODE_DATA(0) allocated [mem 0x3ffeb000-0x3ffeffff]
[    0.000000] kvm-clock: Using msrs 4b564d01 and 4b564d00
[    0.000000] kvm-clock: cpu 0, msr 0:3ffe3001, primary cpu clock
[    0.000000] kvm-clock: using sched offset of 3838626464 cycles
[    0.000000] clocksource: kvm-clock: mask: 0xffffffffffffffff max_cycles: 0x1cd42e4dffb, max_idle_ns: 881590591483 ns
[    0.000000] Zone ranges:
[    0.000000]   DMA      [mem 0x0000000000001000-0x0000000000ffffff]
[    0.000000]   DMA32    [mem 0x0000000001000000-0x000000003ffeffff]
[    0.000000]   Normal   empty
[    0.000000]   Device   empty
[    0.000000] Movable zone start for each node
[    0.000000] Early memory node ranges
[    0.000000]   node   0: [mem 0x0000000000001000-0x000000000009efff]
[    0.000000]   node   0: [mem 0x0000000000100000-0x000000003ffeffff]
[    0.000000] Initmem setup node 0 [mem 0x0000000000001000-0x000000003ffeffff]
[    0.000000] ACPI: PM-Timer IO Port: 0x4008
[    0.000000] IOAPIC[0]: apic_id 2, version 32, address 0xfec00000, GSI 0-23
[    0.000000] ACPI: INT_SRC_OVR (bus 0 bus_irq 0 global_irq 2 dfl dfl)
[    0.000000] ACPI: INT_SRC_OVR (bus 0 bus_irq 9 global_irq 9 low level)
[    0.000000] Using ACPI (MADT) for SMP configuration information
[    0.000000] smpboot: Allowing 2 CPUs, 0 hotplug CPUs
[    0.000000] PM: Registered nosave memory: [mem 0x00000000-0x00000fff]
[    0.000000] PM: Registered nosave memory: [mem 0x0009f000-0x0009ffff]
[    0.000000] PM: Registered nosave memory: [mem 0x000a0000-0x000effff]
[    0.000000] PM: Registered nosave memory: [mem 0x000f0000-0x000fffff]
[    0.000000] e820: [mem 0x40000000-0xfebfffff] available for PCI devices
[    0.000000] Booting paravirtualized kernel on KVM
[    0.000000] clocksource: refined-jiffies: mask: 0xffffffff max_cycles: 0xffffffff, max_idle_ns: 7645519600211568 ns
[    0.000000] setup_percpu: NR_CPUS:512 nr_cpumask_bits:512 nr_cpu_ids:2 nr_node_ids:1
[    0.000000] PERCPU: Embedded 33 pages/cpu @ffff88003fc00000 s95192 r8192 d31784 u1048576
[    0.000000] Built 1 zonelists in Node order, mobility grouping on.  Total pages: 257912
[    0.000000] Policy zone: DMA32
[    0.000000] Kernel command line: BOOT_IMAGE=/boot/vmlinuz-4.4.0-210-generic root=LABEL=cloudimg-rootfs ro console=tty1 console=ttyS0
[    0.000000] PID hash table entries: 4096 (order: 3, 32768 bytes)
[    0.000000] AGP: Checking aperture...
[    0.000000] AGP: No AGP bridge found
[    0.000000] Memory: 996960K/1048120K available (8644K kernel code, 1332K rwdata, 4044K rodata, 1492K init, 1164K bss, 51160K reserved, 0K cma-reserved)
[    0.000000] SLUB: HWalign=64, Order=0-3, MinObjects=0, CPUs=2, Nodes=1
[    0.000000] Hierarchical RCU implementation.
[    0.000000] 	Build-time adjustment of leaf fanout to 64.
[    0.000000] 	RCU restricting CPUs from NR_CPUS=512 to nr_cpu_ids=2.
[    0.000000] RCU: Adjusting geometry for rcu_fanout_leaf=64, nr_cpu_ids=2
[    0.000000] NR_IRQS:33024 nr_irqs:440 16
[    0.000000] Console: colour VGA+ 80x25
[    0.000000] console [tty1] enabled
[    0.000000] console [ttyS0] enabled
[    0.000000] tsc: Detected 3820.514 MHz processor
[    0.207206] Calibrating delay loop (skipped) preset value.. 7641.02 BogoMIPS (lpj=15282056)
[    0.209541] pid_max: default: 32768 minimum: 301
[    0.210847] ACPI: Core revision 20150930
[    0.213069] ACPI: 2 ACPI AML tables successfully acquired and loaded
[    0.214912] Security Framework initialized
[    0.216128] Yama: becoming mindful.
[    0.217176] AppArmor: AppArmor initialized
[    0.218428] Dentry cache hash table entries: 131072 (order: 8, 1048576 bytes)
[    0.220225] Inode-cache hash table entries: 65536 (order: 7, 524288 bytes)
[    0.222703] Mount-cache hash table entries: 2048 (order: 2, 16384 bytes)
[    0.224331] Mountpoint-cache hash table entries: 2048 (order: 2, 16384 bytes)
[    0.226678] Initializing cgroup subsys io
[    0.227785] Initializing cgroup subsys memory
[    0.229033] Initializing cgroup subsys devices
[    0.230153] Initializing cgroup subsys freezer
[    0.231346] Initializing cgroup subsys net_cls
[    0.232565] Initializing cgroup subsys perf_event
[    0.233760] Initializing cgroup subsys net_prio
[    0.234930] Initializing cgroup subsys hugetlb
[    0.236151] Initializing cgroup subsys pids
[    0.237383] mce: CPU supports 0 MCE banks
[    0.238530] Last level iTLB entries: 4KB 512, 2MB 1024, 4MB 512
[    0.240066] Last level dTLB entries: 4KB 1024, 2MB 1024, 4MB 512, 1GB 0
[    0.241762] Spectre V1 : Mitigation: usercopy/swapgs barriers and __user pointer sanitization
[    0.243982] Spectre V2 : Spectre mitigation: LFENCE not serializing, switching to generic retpoline
[    0.246338] Spectre V2 : Mitigation: Full generic retpoline
[    0.247827] Spectre V2 : Spectre v2 / SpectreRSB mitigation: Filling RSB on context switch
[    0.252574] Freeing SMP alternatives memory: 36K
[    0.259923] ftrace: allocating 32380 entries in 127 pages
[    0.322446] smpboot: APIC(0) Converting physical 0 to logical package 0
[    0.324947] smpboot: Max logical packages: 1
[    0.326970] x2apic enabled
[    0.328335] Switched APIC routing to physical x2apic.
[    0.331489] ..TIMER: vector=0x30 apic1=0 pin1=2 apic2=-1 pin2=-1
[    0.441165] smpboot: CPU0: AMD FX(tm)-4300 Quad-Core Processor (family: 0x15, model: 0x2, stepping: 0x0)
[    0.443965] Performance Events: Broken PMU hardware detected, using software events only.
[    0.446168] Failed to access perfctr msr (MSR c0010007 is 0)
[    0.458443] KVM setup paravirtual spinlock
[    0.460549] x86: Booting SMP configuration:
[    0.461688] .... node  #0, CPUs:      #1
[    0.463087] kvm-clock: cpu 1, msr 0:3ffe3041, secondary cpu clock
[    0.465406] mce: CPU supports 0 MCE banks
[    0.468668] x86: Booted up 1 node, 2 CPUs
[    0.469811] smpboot: Total of 2 processors activated (15282.05 BogoMIPS)
[    0.471683] devtmpfs: initialized
[    0.474868] evm: security.selinux
[    0.475941] evm: security.SMACK64
[    0.476946] evm: security.SMACK64EXEC
[    0.477999] evm: security.SMACK64TRANSMUTE
[    0.479228] evm: security.SMACK64MMAP
[    0.480534] evm: security.ima
[    0.481577] evm: security.capability
[    0.484348] clocksource: jiffies: mask: 0xffffffff max_cycles: 0xffffffff, max_idle_ns: 7645041785100000 ns
[    0.487908] futex hash table entries: 512 (order: 3, 32768 bytes)
[    0.490203] pinctrl core: initialized pinctrl subsystem
[    0.492168] RTC time: 20:19:41, date: 05/27/23
[    0.493779] NET: Registered protocol family 16
[    0.504382] cpuidle: using governor ladder
[    0.516352] cpuidle: using governor menu
[    0.517485] PCCT header not found.
[    0.518640] ACPI: bus type PCI registered
[    0.519944] acpiphp: ACPI Hot Plug PCI Controller Driver version: 0.5
[    0.522300] PCI: Using configuration type 1 for base access
[    0.524283] PCI: Using configuration type 1 for extended access
[    0.537252] ACPI: Added _OSI(Module Device)
[    0.539505] ACPI: Added _OSI(Processor Device)
[    0.541804] ACPI: Added _OSI(3.0 _SCP Extensions)
[    0.543411] ACPI: Added _OSI(Processor Aggregator Device)
[    0.546142] ACPI: Executed 1 blocks of module-level executable AML code
[    0.551469] ACPI: Interpreter enabled
[    0.552390] ACPI: (supports S0 S5)
[    0.553313] ACPI: Using IOAPIC for interrupt routing
[    0.554639] PCI: Using host bridge windows from ACPI; if necessary, use "pci=nocrs" and report a bug
[    0.560457] ACPI: PCI Root Bridge [PCI0] (domain 0000 [bus 00-ff])
[    0.561759] acpi PNP0A03:00: _OSC: OS supports [ExtendedConfig ASPM ClockPM Segments MSI]
[    0.564413] acpi PNP0A03:00: _OSC: platform does not support [PCIeCapability]
[    0.566251] acpi PNP0A03:00: _OSC: not requesting control; platform does not support [PCIeCapability]
[    0.568371] acpi PNP0A03:00: _OSC: OS requested [PCIeHotplug PME AER PCIeCapability]
[    0.570188] acpi PNP0A03:00: _OSC: platform willing to grant [PCIeHotplug PME AER]
[    0.572006] acpi PNP0A03:00: _OSC failed (AE_SUPPORT); disabling ASPM
[    0.573650] PCI host bridge to bus 0000:00
[    0.585932] pci_bus 0000:00: root bus resource [io  0x0000-0x0cf7 window]
[    0.587936] pci_bus 0000:00: root bus resource [io  0x0d00-0xffff window]
[    0.589421] pci_bus 0000:00: root bus resource [mem 0x000a0000-0x000bffff window]
[    0.591352] pci_bus 0000:00: root bus resource [mem 0x40000000-0xfdffffff window]
[    0.593231] pci_bus 0000:00: root bus resource [bus 00-ff]
[    0.595851] pci 0000:00:01.1: legacy IDE quirk: reg 0x10: [io  0x01f0-0x01f7]
[    0.597327] pci 0000:00:01.1: legacy IDE quirk: reg 0x14: [io  0x03f6]
[    0.598737] pci 0000:00:01.1: legacy IDE quirk: reg 0x18: [io  0x0170-0x0177]
[    0.600287] pci 0000:00:01.1: legacy IDE quirk: reg 0x1c: [io  0x0376]
[    0.623927] pci 0000:00:07.0: quirk: [io  0x4000-0x403f] claimed by PIIX4 ACPI
[    0.626470] pci 0000:00:07.0: quirk: [io  0x4100-0x410f] claimed by PIIX4 SMB
[    0.643707] ACPI: PCI Interrupt Link [LNKA] (IRQs 5 9 10 *11)
[    0.646158] ACPI: PCI Interrupt Link [LNKB] (IRQs 5 9 *10 11)
[    0.648604] ACPI: PCI Interrupt Link [LNKC] (IRQs 5 *9 10 11)
[    0.650822] ACPI: PCI Interrupt Link [LNKD] (IRQs 5 9 10 *11)
[    0.653017] ACPI: Enabled 2 GPEs in block 00 to 07
[    0.654943] vgaarb: setting as boot device: PCI:0000:00:02.0
[    0.656556] vgaarb: device added: PCI:0000:00:02.0,decodes=io+mem,owns=io+mem,locks=none
[    0.658925] vgaarb: loaded
[    0.660033] vgaarb: bridge control possible 0000:00:02.0
[    0.661976] SCSI subsystem initialized
[    0.663532] ACPI: bus type USB registered
[    0.665073] usbcore: registered new interface driver usbfs
[    0.667024] usbcore: registered new interface driver hub
[    0.668726] usbcore: registered new device driver usb
[    0.670792] PCI: Using ACPI for IRQ routing
[    0.672696] NetLabel: Initializing
[    0.673955] NetLabel:  domain hash size = 128
[    0.675382] NetLabel:  protocols = UNLABELED CIPSOv4
[    0.676622] NetLabel:  unlabeled traffic allowed by default
[    0.678064] amd_nb: Cannot enumerate AMD northbridges
[    0.679308] clocksource: Switched to clocksource kvm-clock
[    0.691206] AppArmor: AppArmor Filesystem Enabled
[    0.692507] pnp: PnP ACPI init
[    0.696665] pnp: PnP ACPI: found 3 devices
[    0.709528] clocksource: acpi_pm: mask: 0xffffff max_cycles: 0xffffff, max_idle_ns: 2085701024 ns
[    0.711835] NET: Registered protocol family 2
[    0.713300] TCP established hash table entries: 8192 (order: 4, 65536 bytes)
[    0.715037] TCP bind hash table entries: 8192 (order: 5, 131072 bytes)
[    0.716777] TCP: Hash tables configured (established 8192 bind 8192)
[    0.719469] UDP hash table entries: 512 (order: 2, 16384 bytes)
[    0.720822] UDP-Lite hash table entries: 512 (order: 2, 16384 bytes)
[    0.722260] NET: Registered protocol family 1
[    0.723350] pci 0000:00:00.0: Limiting direct PCI/PCI transfers
[    0.724801] pci 0000:00:01.0: Activating ISA DMA hang workarounds
[    0.726390] Unpacking initramfs...
[    0.987169] Freeing initrd memory: 15720K
[    0.988616] clocksource: tsc: mask: 0xffffffffffffffff max_cycles: 0x6e2416733a9, max_idle_ns: 881590607467 ns
[    0.991722] platform rtc_cmos: registered platform RTC device (no PNP device found)
[    0.993664] Scanning for low memory corruption every 60 seconds
[    0.995648] audit: initializing netlink subsys (disabled)
[    0.996671] audit: type=2000 audit(1685218787.125:1): initialized
[    0.998065] Initialise system trusted keyring
[    0.999408] HugeTLB registered 2 MB page size, pre-allocated 0 pages
[    1.004363] zbud: loaded
[    1.005864] VFS: Disk quotas dquot_6.6.0
[    1.007060] VFS: Dquot-cache hash table entries: 512 (order 0, 4096 bytes)
[    1.009239] squashfs: version 4.0 (2009/01/31) Phillip Lougher
[    1.011663] fuse init (API version 7.23)
[    1.013322] Key type big_key registered
[    1.014776] Allocating IMA MOK and blacklist keyrings.
[    1.018798] Key type asymmetric registered
[    1.020390] Asymmetric key parser 'x509' registered
[    1.022260] Block layer SCSI generic (bsg) driver version 0.4 loaded (major 249)
[    1.025242] io scheduler noop registered
[    1.026475] io scheduler deadline registered (default)
[    1.027627] io scheduler cfq registered
[    1.028655] pci_hotplug: PCI Hot Plug PCI Core version: 0.5
[    1.029903] pciehp: PCI Express Hot Plug Controller Driver version: 0.4
[    1.031320] ACPI: AC Adapter [AC] (on-line)
[    1.032348] input: Power Button as /devices/LNXSYSTM:00/LNXPWRBN:00/input/input0
[    1.034080] ACPI: Power Button [PWRF]
[    1.035031] input: Sleep Button as /devices/LNXSYSTM:00/LNXSLPBN:00/input/input1
[    1.036787] ACPI: Sleep Button [SLPF]
[    1.037976] GHES: HEST is not enabled!
[    1.038987] Serial: 8250/16550 driver, 32 ports, IRQ sharing enabled
    1.060868] 00:02: ttyS0 at I/O 0x3f8 (irq =4, base_baud = 115200) s a 16550A
[    1.065860] Linux agpgart interface v0.103
[    1.070646] loop: module loaded
[    1.072550] scsi host0: ata_piix
[    1.073752] scsi host1: ata_piix
[    1.074821] ata1: PATA max UDMA/33 cmd 0x1f0 ctl 0x3f6 bmdma 0xd000 irq 14
[    1.076631] ata2: PATA max UDMA/33 cmd 0x170 ctl 0x376 bmdma 0xd008 irq 15
[    1.078739] libphy: Fixed MDIO Bus: probed
[    1.080100] tun: Universal TUN/TAP device driver, 1.6
[    1.081501] tun: (C) 1999-2004 Max Krasnyansky <maxk@qualcomm.com>
[    1.083360] PPP generic driver version 2.4.2
[    1.084757] ehci_hcd: USB 2.0 'Enhanced' Host Controller (EHCI) Driver
[    1.086493] ehci-pci: EHCI PCI platform driver
[    1.087803] ehci-platform: EHCI generic platform driver
[    1.089138] ohci_hcd: USB 1.1 'Open' Host Controller (OHCI) Driver
[    1.090942] ohci-pci: OHCI PCI platform driver
[    1.092127] ohci-platform: OHCI generic platform driver
[    1.093402] uhci_hcd: USB Universal Host Controller Interface driver
[    1.095095] i8042: PNP: PS/2 Controller [PNP0303:PS2K,PNP0f03:PS2M] at 0x60,0x64 irq 1,12
[    1.097805] serio: i8042 KBD port at 0x60,0x64 irq 1
[    1.099065] serio: i8042 AUX port at 0x60,0x64 irq 12
[    1.100599] mousedev: PS/2 mouse device common for all mice
[    1.102310] input: AT Translated Set 2 keyboard as /devices/platform/i8042/serio0/input/input2
[    1.104902] rtc_cmos rtc_cmos: rtc core: registered rtc_cmos as rtc0
[    1.106688] rtc_cmos rtc_cmos: alarms up to one day, 114 bytes nvram
[    1.107892] i2c /dev entries driver
[    1.108798] device-mapper: uevent: version 1.0.3
[    1.110006] device-mapper: ioctl: 4.34.0-ioctl (2015-10-28) initialised: dm-devel@redhat.com
[    1.112050] ledtrig-cpu: registered to indicate activity on CPUs
[    1.113765] x86/pm: family 0x15 cpu detected, MSR saving is needed during suspending.
[    1.115800] NET: Registered protocol family 10
[    1.117061] NET: Registered protocol family 17
[    1.118191] Key type dns_resolver registered
[    1.119822] registered taskstats version 1
[    1.120824] Loading compiled-in X.509 certificates
[    1.122900] Loaded X.509 cert 'Build time autogenerated kernel key: cf00e047681d67edb2720680708b7d9498083038'
[    1.125185] zswap: loaded using pool lzo/zbud
[    1.128946] Key type trusted registered
[    1.134483] Key type encrypted registered
[    1.135702] AppArmor: AppArmor sha1 policy hashing enabled
[    1.137236] ima: No TPM chip found, activating TPM-bypass!
[    1.139920] ima: Allocated hash algorithm: sha1
[    1.142204] evm: HMAC attrs: 0x1
[    1.144199]   Magic number: 7:417:347
[    1.145562]  pci0000:00: hash matches
[    1.146884] rtc_cmos rtc_cmos: setting system clock to 2023-05-27 20:19:41 UTC (1685218781)
[    1.149109] BIOS EDD facility v0.16 2004-Jun-25, 0 devices found
[    1.151038] EDD information not available.
[    1.257927] Freeing unused kernel memory: 1492K
[    1.259559] Write protecting the kernel read-only data: 14336k
[    1.262366] Freeing unused kernel memory: 1584K
[    1.264092] Freeing unused kernel memory: 52K
Loading, please wait...
starting version 229
[    1.285317] random: systemd-udevd: uninitialized urandom read (16 bytes read, 2 bits of entropy available)
[    1.286208] random: udevadm: uninitialized urandom read (16 bytes read, 2 bits of entropy available)
[    1.286248] random: udevadm: uninitialized urandom read (16 bytes read, 2 bits of entropy available)
[    1.294820] random: systemd-udevd: uninitialized urandom read (16 bytes read, 2 bits of entropy available)
[    1.299677] random: systemd-udevd: uninitialized urandom read (16 bytes read, 2 bits of entropy available)
[    1.302238] random: udevadm: uninitialized urandom read (16 bytes read, 2 bits of entropy available)
[    1.302289] random: udevadm: uninitialized urandom read (16 bytes read, 2 bits of entropy available)
[    1.302468] random: udevadm: uninitialized urandom read (16 bytes read, 2 bits of entropy available)
[    1.302525] random: udevadm: uninitialized urandom read (16 bytes read, 2 bits of entropy available)
[    1.302584] random: udevadm: uninitialized urandom read (16 bytes read, 2 bits of entropy available)
[    1.353593] e1000: Intel(R) PRO/1000 Network Driver - version 7.3.21-k8-NAPI
[    1.355578] e1000: Copyright (c) 1999-2006 Intel Corporation.
[    1.358498] [drm] Initialized drm 1.1.0 20060810
[    1.370379] Fusion MPT base driver 3.04.20
[    1.371615] Copyright (c) 1999-2008 LSI Corporation
[    1.376015] vboxvideo: loading out-of-tree module taints kernel.
[    1.377442] vboxvideo: module verification failed: signature and/or required key missing - tainting kernel
[    1.381315] vboxvideo: loading version 6.1.38 r153438
[    1.385864] Fusion MPT SPI Host driver 3.04.20
[    1.409303] AVX version of gcm_enc/dec engaged.
[    1.410502] AES CTR mode by8 optimization enabled
[    1.573133] input: ImExPS/2 Generic Explorer Mouse as /devices/platform/i8042/serio1/input/input4
[    1.730752] e1000 0000:00:03.0 eth0: (PCI:33MHz:32-bit) 02:be:82:6b:cc:1d
[    1.745932] e1000 0000:00:03.0 eth0: Intel(R) PRO/1000 Network Connection
[    2.156918] e1000 0000:00:08.0 eth1: (PCI:33MHz:32-bit) 08:00:27:6c:d2:55
[    2.158747] e1000 0000:00:08.0 eth1: Intel(R) PRO/1000 Network Connection
[    2.162201] [drm] VRAM 01000000
[    2.163228] e1000 0000:00:03.0 enp0s3: renamed from eth0
[    2.167326] [TTM] Zone  kernel: Available graphics memory: 507922 kiB
[    2.169590] [TTM] Initializing pool allocator
[    2.171245] [TTM] Initializing DMA pool allocator
[    2.173317] e1000 0000:00:08.0 enp0s8: renamed from eth1
[    2.178016] fbcon: vboxdrmfb (fb0) is primary device
[    2.187589] Console: switching to colour frame buffer device 100x37
[    2.190583] vboxvideo 0000:00:02.0: fb0: vboxdrmfb frame buffer device
[    2.207354] [drm] Initialized vboxvideo 1.0.0 20130823 for 0000:00:02.0 on minor 0
[    2.213030] mptbase: ioc0: Initiating bringup
[    2.276154] ioc0: LSI53C1030 A0: Capabilities={Initiator}
[    2.438219] scsi host2: ioc0: LSI53C1030 A0, FwRev=00000000h, Ports=1, MaxQ=256, IRQ=20
[    2.552067] scsi 2:0:0:0: Direct-Access     VBOX     HARDDISK         1.0  PQ: 0 ANSI: 5
[    2.555458] scsi target2:0:0: Beginning Domain Validation
[    2.559107] scsi target2:0:0: Domain Validation skipping write tests
[    2.560481] scsi target2:0:0: Ending Domain Validation
[    2.561510] scsi target2:0:0: asynchronous
[    2.562680] scsi 2:0:1:0: Direct-Access     VBOX     HARDDISK         1.0  PQ: 0 ANSI: 5
[    2.564567] scsi target2:0:1: Beginning Domain Validation
[    2.566799] scsi target2:0:1: Domain Validation skipping write tests
[    2.568324] scsi target2:0:1: Ending Domain Validation
[    2.569655] scsi target2:0:1: asynchronous
[    2.577049] sd 2:0:0:0: [sda] 83886080 512-byte logical blocks: (42.9 GB/40.0 GiB)
[    2.579231] sd 2:0:0:0: Attached scsi generic sg0 type 0
[    2.581342] sd 2:0:0:0: [sda] Write Protect is off
[    2.581374] sd 2:0:1:0: Attached scsi generic sg1 type 0
[    2.584826] sd 2:0:1:0: [sdb] 20480 512-byte logical blocks: (10.5 MB/10.0 MiB)
[    2.586999] sd 2:0:0:0: [sda] Incomplete mode parameter data
[    2.589243] sd 2:0:1:0: [sdb] Write Protect is off
[    2.590567] sd 2:0:0:0: [sda] Assuming drive cache: write through
[    2.592130] sd 2:0:1:0: [sdb] Incomplete mode parameter data
[    2.593802] sd 2:0:1:0: [sdb] Assuming drive cache: write through
[    2.596826]  sda: sda1
[    2.598475] sd 2:0:0:0: [sda] Attached SCSI disk
[    2.637279] sd 2:0:1:0: [sdb] Attached SCSI disk
Begin: Loading essential drivers ... [    2.802509] md: linear personality registered for level -1
[    2.807472] md: multipath personality registered for level -4
[    2.812465] md: raid0 personality registered for level 0
[    2.818463] md: raid1 personality registered for level 1
[    2.891344] raid6: sse2x1   gen()  6244 MB/s
[    2.959324] raid6: sse2x1   xor()  4529 MB/s
[    3.027326] raid6: sse2x2   gen()  9912 MB/s
[    3.095326] raid6: sse2x2   xor()  6726 MB/s
[    3.163344] raid6: sse2x4   gen() 11203 MB/s
[    3.231323] raid6: sse2x4   xor()  5195 MB/s
[    3.232493] raid6: using algorithm sse2x4 gen() 11203 MB/s
[    3.233683] raid6: .... xor() 5195 MB/s, rmw enabled
[    3.234888] raid6: using ssse3x2 recovery algorithm
[    3.238673] xor: automatically using best checksumming function:
[    3.279391]    avx       :  5376.000 MB/sec
[    3.282579] async_tx: api initialized (async)
[    3.297747] md: raid6 personality registered for level 6
[    3.299392] md: raid5 personality registered for level 5
[    3.300765] md: raid4 personality registered for level 4
[    3.310658] md: raid10 personality registered for level 10
done.
Begin: Running /scripts/init-premount ... done.
Begin: Mounting root file system ... Begin: Running /scripts/local-top ... done.
Begin: Running /scripts/local-premount ... [    3.351465] Btrfs loaded
Scanning for Btrfs filesystems
done.
Begin: Will now check root file system ... fsck from util-linux 2.27.1
[/sbin/fsck.ext4 (1) -- /dev/sda1] fsck.ext4 -a -C0 /dev/sda1 
cloudimg-rootfs: clean, 66812/5120000 files, 624783/10485499 blocks
done.
[    3.495008] EXT4-fs (sda1): mounted filesystem with ordered data mode. Opts: (null)
done.
Begin: Running /scripts/local-bottom ... done.
Begin: Running /scripts/init-bottom ... done.
[    4.095534] systemd[1]: systemd 229 running in system mode. (+PAM +AUDIT +SELINUX +IMA +APPARMOR +SMACK +SYSVINIT +UTMP +LIBCRYPTSETUP +GCRYPT +GNUTLS +ACL +XZ -LZ4 +SECCOMP +BLKID +ELFUTILS +KMOD -IDN)
[    4.100696] systemd[1]: Detected virtualization oracle.
[    4.101868] systemd[1]: Detected architecture x86-64.

Welcome to [1mUbuntu 16.04.7 LTS[0m!

[    4.122661] systemd[1]: Set hostname to <web01>.
[    4.603850] random: nonblocking pool is initialized
[    4.880365] systemd[1]: Listening on Device-mapper event daemon FIFOs.
[[0;32m  OK  [0m] Listening on Device-mapper event daemon FIFOs.
[    4.884757] systemd[1]: Listening on udev Control Socket.
[[0;32m  OK  [0m] Listening on udev Control Socket.
[    4.895912] systemd[1]: Set up automount Arbitrary Executable File Formats File System Automount Point.
[[0;32m  OK  [0m] Set up automount Arbitrary Executab...ats File System Automount Point.
[    4.901928] systemd[1]: Created slice User and Session Slice.
[[0;32m  OK  [0m] Created slice User and Session Slice.
[    4.905307] systemd[1]: Reached target Encrypted Volumes.
[[0;32m  OK  [0m] Reached target Encrypted Volumes.
[    4.908624] systemd[1]: Listening on Syslog Socket.
[[0;32m  OK  [0m] Listening on Syslog Socket.
[    4.915469] systemd[1]: Listening on Journal Socket (/dev/log).
[[0;32m  OK  [0m] Listening on Journal Socket (/dev/log).
[    4.918910] systemd[1]: Listening on LVM2 metadata daemon socket.
[[0;32m  OK  [0m] Listening on LVM2 metadata daemon socket.
[    4.922155] systemd[1]: Listening on udev Kernel Socket.
[[0;32m  OK  [0m] Listening on udev Kernel Socket.
[    4.925695] systemd[1]: Created slice System Slice.
[[0;32m  OK  [0m] Created slice System Slice.
[    4.935563] systemd[1]: Reached target User and Group Name Lookups.
[[0;32m  OK  [0m] Reached target User and Group Name Lookups.
[    4.940724] systemd[1]: Started Forward Password Requests to Wall Directory Watch.
[[0;32m  OK  [0m] Started Forward Password Requests to Wall Directory Watch.
[    4.944453] systemd[1]: Reached target System Time Synchronized.
[[0;32m  OK  [0m] Reached target System Time Synchronized.
[    4.948067] systemd[1]: Listening on /dev/initctl Compatibility Named Pipe.
[[0;32m  OK  [0m] Listening on /dev/initctl Compatibility Named Pipe.
[    4.951012] systemd[1]: Listening on Journal Audit Socket.
[[0;32m  OK  [0m] Listening on Journal Audit Socket.
[    4.953047] systemd[1]: Listening on LVM2 poll daemon socket.
[[0;32m  OK  [0m] Listening on LVM2 poll daemon socket.
[    4.955065] systemd[1]: Listening on fsck to fsckd communication Socket.
[[0;32m  OK  [0m] Listening on fsck to fsckd communication Socket.
[    4.957612] systemd[1]: Created slice system-serial\x2dgetty.slice.
[[0;32m  OK  [0m] Created slice system-serial\x2dgetty.slice.
[    4.959665] systemd[1]: Reached target Swap.
[[0;32m  OK  [0m] Reached target Swap.
[    4.961430] systemd[1]: Reached target Slices.
[[0;32m  OK  [0m] Reached target Slices.
[    4.967641] systemd[1]: Listening on Journal Socket.
[[0;32m  OK  [0m] Listening on Journal Socket.
[    4.991580] systemd[1]: Mounting POSIX Message Queue File System...
         Mounting POSIX Message Queue File System...
[    4.998923] systemd[1]: Starting Remount Root and Kernel File Systems...
         Starting Remount Root and Kernel File Systems...
[    5.047731] systemd[1]: Starting Set console keymap...
         Starting Set console keymap...
[    5.054054] EXT4-fs (sda1): re-mounted. Opts: (null)
[    5.069541] systemd[1]: Starting Load Kernel Modules...
         Starting Load Kernel Modules...
[    5.073559] systemd[1]: Starting Journal Service...
         Starting Journal Service...
[    5.077271] systemd[1]: Mounting Huge Pages File System...
         Mounting Huge Pages File System...
[    5.080925] systemd[1]: Starting Create list of required static device nodes for the current kernel...
         Starting Create list of required st... nodes for the current kernel...
[    5.096561] systemd[1]: Starting Uncomplicated firewall...
         Starting Uncomplicated firewall...
[    5.100650] systemd[1]: Mounting Debug File System...
         Mounting Debug File System...
[    5.105210] systemd[1]: Starting Monitoring of LVM2 mirrors, snapshots etc. using dmeventd or progress polling...
         Starting Monitoring of LVM2 mirrors... dmeventd or progress polling...
[    5.110423] systemd[1]: Started Trigger resolvconf update for networkd DNS.
[[0;32m  OK  [0m] Started Trigger resolvconf update for networkd DNS.
[    5.113998] systemd[1]: Starting Nameserver information manager...
         Starting Nameserver information manager...
[    5.118757] systemd[1]: Mounted Huge Pages File System.
[[0;32m  OK  [0m] Mounted Huge Pages File System.
[    5.121042] systemd[1]: Mounted POSIX Message Queue File System.
[[0;32m  OK  [0m] Mounted POSIX Message Queue File System.
[    5.123428] systemd[1]: Mounted Debug File System.
[[0;32m  OK  [0m] Mounted Debug File System.
[    5.126344] systemd[1]: Started Remount Root and Kernel File Systems.
[[0;32m  OK  [0m] Started Remount Root and Kernel File Systems.
[    5.199835] systemd[1]: Starting udev Coldplug all Devices...
         Starting udev Coldplug all Devices...
[    5.206595] systemd[1]: Starting Load/Save Random Seed...
         Starting Load/Save Random Seed...
[    5.213769] systemd[1]: Started Create list of required static device nodes for the current kernel.
[[0;32m  OK  [0m] Started Create list of required sta...ce nodes for the current kernel.
[    5.218470] systemd[1]: Started Nameserver information manager.
[[0;32m  OK  [0m] Started Nameserver information manager.
[    5.223567] systemd[1]: Starting Create Static Device Nodes in /dev...
         Starting Create Static Device Nodes in /dev...
[    5.227895] systemd[1]: Started Uncomplicated firewall.
[[0;32m  OK  [0m] Started Uncomplicated firewall.
[    5.310301] systemd[1]: Started Load/Save Random Seed.
[[0;32m  OK  [0m] Started Load/Save Random Seed.
[    5.322238] systemd[1]: Started Set console keymap.
[[0;32m  OK  [0m] Started Set console keymap.
[    5.351495] Loading iSCSI transport class v2.0-870.
[    5.446003] iscsi: registered transport (tcp)
[    5.465542] systemd[1]: Started udev Coldplug all Devices.
[[0;32m  OK  [0m] Started udev Coldplug all Devices.
[    5.474986] systemd[1]: Started Journal Service.
[[0;32m  OK  [0m] Started Journal Service.
         Starting Flush Journal to Persistent Storage...
[[0;32m  OK  [0m] Started LVM2 metadata daemon.
[    5.554034] systemd-journald[384]: Received request to flush runtime journal from PID 1
[[0;32m  OK  [0m] Started Flush Journal to Persistent Storage.
[    5.604207] iscsi: registered transport (iser)
[[0;32m  OK  [0m] Started Load Kernel Modules.
         Starting Apply Kernel Variables...
         Mounting FUSE Control File System...
[[0;32m  OK  [0m] Mounted FUSE Control File System.
[[0;32m  OK  [0m] Started Create Static Device Nodes in /dev.
         Starting udev Kernel Device Manager...
[[0;32m  OK  [0m] Started Apply Kernel Variables.
[[0;32m  OK  [0m] Started udev Kernel Device Manager.
[[0;32m  OK  [0m] Started Dispatch Password Requests to Console Directory Watch.
[[0;32m  OK  [0m] Found device /dev/ttyS0.
[[0;32m  OK  [0m] Started Monitoring of LVM2 mirrors,...ng dmeventd or progress polling.
[[0;32m  OK  [0m] Reached target Local File Systems (Pre).
[[0;32m  OK  [0m] Reached target Local File Systems.
         Starting Create Volatile Files and Directories...
         Starting Tell Plymouth To Write Out Runtime Data...
         Starting Initial cloud-init job (pre-networking)...
         Starting LSB: AppArmor initialization...
         Starting Set console font and keymap...
[[0;32m  OK  [0m] Listening on Load/Save RF Kill Switch Status /dev/rfkill Watch.
[[0;32m  OK  [0m] Started Tell Plymouth To Write Out Runtime Data.
[[0;32m  OK  [0m] Started Create Volatile Files and Directories.
         Starting Update UTMP about System Boot/Shutdown...
[[0;32m  OK  [0m] Started Update UTMP about System Boot/Shutdown.
[[0;32m  OK  [0m] Found device 82540EM Gigabit Ethern...r (PRO/1000 MT Desktop Adapter).
[[0;32m  OK  [0m] Found device 82540EM Gigabit Ethern...r (PRO/1000 MT Desktop Adapter).
[[0;32m  OK  [0m] Started Set console font and keymap.
[[0;32m  OK  [0m] Created slice system-getty.slice.
[[0;32m  OK  [0m] Started LSB: AppArmor initialization.
         Starting Load AppArmor profiles managed internally by snapd...
[[0;32m  OK  [0m] Started Load AppArmor profiles managed internally by snapd.
[    9.973183] cloud-init[500]: Cloud-init v. 21.1-19-gbad84ad4-0ubuntu1~16.04.2 running 'init-local' at Sat, 27 May 2023 20:19:49 +0000. Up 9.28 seconds.
[[0;32m  OK  [0m] Started Initial cloud-init job (pre-networking).
[[0;32m  OK  [0m] Reached target Network (Pre).
         Starting Raise network interfaces...
[[0;32m  OK  [0m] Started ifup for enp0s3.
[[0;32m  OK  [0m] Started ifup for enp0s8.
[[0;32m  OK  [0m] Started Raise network interfaces.
[[0;32m  OK  [0m] Reached target Network.
         Starting Initial cloud-init job (metadata service crawler)...
[   11.281757] cloud-init[1071]: Cloud-init v. 21.1-19-gbad84ad4-0ubuntu1~16.04.2 running 'init' at Sat, 27 May 2023 20:19:51 +0000. Up 10.69 seconds.
[   11.285510] cloud-init[1071]: ci-info: ++++++++++++++++++++++++++++++++++++++Net device info+++++++++++++++++++++++++++++++++++++++
[   11.290261] cloud-init[1071]: ci-info: +--------+------+-----------------------------+---------------+--------+-------------------+
[   11.291730] cloud-init[1071]: ci-info: | Device |  Up  |           Address           |      Mask     | Scope  |     Hw-Address    |
[   11.293290] cloud-init[1071]: ci-info: +--------+------+-----------------------------+---------------+--------+-------------------+
[   11.295126] cloud-init[1071]: ci-info: | enp0s3 | True |          10.0.2.15          | 255.255.255.0 | global | 02:be:82:6b:cc:1d |
[   11.296921] cloud-init[1071]: ci-info: | enp0s3 | True |  fe80::be:82ff:fe6b:cc1d/64 |       .       |  link  | 02:be:82:6b:cc:1d |
[   11.298521] cloud-init[1071]: ci-info: | enp0s8 | True |        192.168.56.51        | 255.255.255.0 | global | 08:00:27:6c:d2:55 |
[   11.300345] cloud-init[1071]: ci-info: | enp0s8 | True | fe80::a00:27ff:fe6c:d255/64 |       .       |  link  | 08:00:27:6c:d2:55 |
[   11.302265] cloud-init[1071]: ci-info: |   lo   | True |          127.0.0.1          |   255.0.0.0   |  host  |         .         |
[   11.304210] cloud-init[1071]: ci-info: |   lo   | True |           ::1/128           |       .       |  host  |         .         |
[   11.305973] cloud-init[1071]: ci-info: +--------+------+-----------------------------+---------------+--------+-------------------+
[   11.307688] cloud-init[1071]: ci-info: ++++++++++++++++++++++++++++Route IPv4 info++++++++++++++++++++++++++++
[   11.309285] cloud-init[1071]: ci-info: +-------+--------------+----------+---------------+-----------+-------+
[   11.310896] cloud-init[1071]: ci-info: | Route | Destination  | Gateway  |    Genmask    | Interface | Flags |
[   11.312453] cloud-init[1071]: ci-info: +-------+--------------+----------+---------------+-----------+-------+
[   11.313932] cloud-init[1071]: ci-info: |   0   |   0.0.0.0    | 10.0.2.2 |    0.0.0.0    |   enp0s3  |   UG  |
[   11.315411] cloud-init[1071]: ci-info: |   1   |   10.0.2.0   | 0.0.0.0  | 255.255.255.0 |   enp0s3  |   U   |
[   11.316906] cloud-init[1071]: ci-info: |   2   | 192.168.56.0 | 0.0.0.0  | 255.255.255.0 |   enp0s8  |   U   |
[   11.318611] cloud-init[1071]: ci-info: +-------+--------------+----------+---------------+-----------+-------+
[   11.320365] cloud-init[1071]: ci-info: +++++++++++++++++++Route IPv6 info+++++++++++++++++++
[   11.321799] cloud-init[1071]: ci-info: +-------+-------------+---------+-----------+-------+
[   11.323163] cloud-init[1071]: ci-info: | Route | Destination | Gateway | Interface | Flags |
[   11.324562] cloud-init[1071]: ci-info: +-------+-------------+---------+-----------+-------+
[   11.326114] cloud-init[1071]: ci-info: |   0   |  fe80::/64  |    ::   |   enp0s8  |   U   |
[   11.327585] cloud-init[1071]: ci-info: |   1   |  fe80::/64  |    ::   |   enp0s3  |   U   |
[   11.328994] cloud-init[1071]: ci-info: |   4   |   ff00::/8  |    ::   |   enp0s8  |   U   |
[   11.330999] cloud-init[1071]: ci-info: |   5   |   ff00::/8  |    ::   |   enp0s3  |   U   |
[   11.332389] cloud-init[1071]: ci-info: +-------+-------------+---------+-----------+-------+
[[0;32m  OK  [0m] Started Initial cloud-init job (metadata service crawler).
[[0;32m  OK  [0m] Reached target Network is Online.
         Starting iSCSI initiator daemon (iscsid)...
[[0;32m  OK  [0m] Reached target Cloud-config availability.
[[0;32m  OK  [0m] Reached target System Initialization.
[[0;32m  OK  [0m] Listening on UUID daemon activation socket.
[[0;32m  OK  [0m] Started Daily Cleanup of Temporary Directories.
         Starting LXD - unix socket.
[[0;32m  OK  [0m] Listening on ACPID Listen Socket.
[[0;32m  OK  [0m] Started Daily apt download activities.
         Starting Socket activation for snappy daemon.
[[0;32m  OK  [0m] Started Message of the Day.
[[0;32m  OK  [0m] Started ACPI Events Check.
[[0;32m  OK  [0m] Reached target Paths.
[[0;32m  OK  [0m] Listening on D-Bus System Message Bus Socket.
[[0;32m  OK  [0m] Started Ubuntu Advantage update messaging.
[[0;32m  OK  [0m] Started Daily apt upgrade and clean activities.
[[0;32m  OK  [0m] Reached target Timers.
[[0;32m  OK  [0m] Listening on LXD - unix socket.
[[0;32m  OK  [0m] Listening on Socket activation for snappy daemon.
[[0;32m  OK  [0m] Reached target Sockets.
[[0;32m  OK  [0m] Reached target Basic System.
         Starting /etc/rc.local Compatibility...
[[0;32m  OK  [0m] Started Regular background program processing daemon.
         Starting System Logging Service...
[[0;32m  OK  [0m] Started Deferred execution scheduler.
         Starting OpenBSD Secure Shell server...
         Starting LXD - container startup/shutdown...
         Starting vboxadd.service...
[[0;32m  OK  [0m] Started D-Bus System Message Bus.
[[0;32m  OK  [0m] Started ACPI event daemon.
         Starting LSB: MD monitoring daemon...
         Starting Login Service...
[[0;32m  OK  [0m] Started FUSE filesystem for LXC.
         Starting Snap Daemon...
         Starting Accounts Service...
         Starting LSB: Record successful boot for GRUB...
[[0;32m  OK  [0m] Started System Logging Service.
[[0;32m  OK  [0m] Started iSCSI initiator daemon (iscsid).
[[0;32m  OK  [0m] Started /etc/rc.local Compatibility.
         Starting Login to default iSCSI targets...
[[0;32m  OK  [0m] Started OpenBSD Secure Shell server.
[[0;32m  OK  [0m] Started Login Service.
[[0;32m  OK  [0m] Started Unattended Upgrades Shutdown.
[[0;32m  OK  [0m] Started Login to default iSCSI targets.
[[0;32m  OK  [0m] Started LSB: MD monitoring daemon.
[[0;32m  OK  [0m] Reached target Remote File Systems (Pre).
         Mounting /vagrant...
[[0;32m  OK  [0m] Started LSB: Record successful boot for GRUB.
[[0;1;31mFAILED[0m] Failed to mount /vagrant.
See 'systemctl status vagrant.mount' for details.
[[0;1;33mDEPEND[0m] Dependency failed for Remote File Systems.
         Starting LSB: automatic crash report generation...
         Starting LSB: daemon to balance interrupts for SMP systems...
         Starting LSB: Set the CPU Frequency Scaling governor to "ondemand"...
         Starting Permit User Sessions...
[[0;32m  OK  [0m] Started LSB: Set the CPU Frequency Scaling governor to "ondemand".
[[0;32m  OK  [0m] Started Permit User Sessions.
         Starting Hold until boot process finishes up...
         Starting Terminate Plymouth Boot Screen...
[[0;32m  OK  [0m] Started Hold until boot process finishes up.
[[0;32m  OK  [0m] Started Terminate Plymouth Boot Screen.
[[0;32m  OK  [0m] Started Serial Getty on ttyS0.
[[0;32m  OK  [0m] Started Getty on tty1.
[[0;32m  OK  [0m] Reached target Login Prompts.
         Starting Set console scheme...
[[0;32m  OK  [0m] Started Set console scheme.
[[0;32m  OK  [0m] Started LSB: daemon to balance interrupts for SMP systems.
[[0;32m  OK  [0m] Started LSB: automatic crash report generation.
[[0;32m  OK  [0m] Created slice User Slice of vagrant.
         Starting User Manager for UID 1000...
         Starting Authenticate and Authorize Users to Run Privileged Tasks...
[[0;32m  OK  [0m] Started Session 1 of user vagrant.
[[0;32m  OK  [0m] Started User Manager for UID 1000.
[[0;32m  OK  [0m] Started Authenticate and Authorize Users to Run Privileged Tasks.
[[0;32m  OK  [0m] Started Accounts Service.
[[0;32m  OK  [0m] Started LXD - container startup/shutdown.
[[0;32m  OK  [0m] Started Snap Daemon.
         Starting Wait until snapd is fully seeded...
[[0;32m  OK  [0m] Started Wait until snapd is fully seeded.
         Starting Apply the settings specified in cloud-config...
[   16.024751] cloud-init[1414]: Cloud-init v. 21.1-19-gbad84ad4-0ubuntu1~16.04.2 running 'modules:config' at Sat, 27 May 2023 20:19:56 +0000. Up 15.79 seconds.
[[0;32m  OK  [0m] Started Apply the settings specified in cloud-config.
[[0;32m  OK  [0m] Started vboxadd.service.
         Starting vboxadd-service.service...
[[0;32m  OK  [0m] Started vboxadd-service.service.
[[0;32m  OK  [0m] Reached target Multi-User System.
[[0;32m  OK  [0m] Reached target Graphical Interface.
         Starting Execute cloud user/final scripts...
         Starting Update UTMP about System Runlevel Changes...
[[0;32m  OK  [0m] Started Update UTMP about System Runlevel Changes.
[   18.596252] cloud-init[1615]: Cloud-init v. 21.1-19-gbad84ad4-0ubuntu1~16.04.2 running 'modules:final' at Sat, 27 May 2023 20:19:59 +0000. Up 18.40 seconds.
[   18.596565] cloud-init[1615]: Cloud-init v. 21.1-19-gbad84ad4-0ubuntu1~16.04.2 finished at Sat, 27 May 2023 20:19:59 +0000. Datasource DataSourceNoCloud [seed=/dev/sdb][dsmode=net].  Up 18.58 seconds

Ubuntu 16.04.7 LTS web01 ttyS0

web01 login: 