[    0.000000] Initializing cgroup subsys cpuset
[    0.000000] Initializing cgroup subsys cpu
[    0.000000] Initializing cgroup subsys cpuacct
[    0.000000] Linux version 4.4.-2-generic (buildd@lgw01-amd64-009) (gcc version 5.4.0 20160609 (Ubuntu 5.4.0-6ubuntu1~16042) ) #242-Ubuntu SMP Fri Apr 16 09:57:56 UTC 2021 (Ubuntu 4.4.0-210.242-generic 4.4.262)
[    0.000000] Command line: BOOT_IMAGE=/boot/vmlinuz-4.4.0-210-generic root=LABEL=cloudimg-rootfs ro console=tty1 console=ttyS0
[    0.000000] KERNEL supported cpus:
[    0.000000]   Intel GenuineIntel
[    0.000000]   AMD AuthenticAMD
[    0.000000]   Centaur CentaurHauls
[    0.000000] x86/fpu: xstate_offset[2]:  576, xstate_sizes[2]:  256
[    0.000000] x86/fpu: Supporting XSAVE feature 0x01: 'x87 floating point registers'
[    0.000000] x86/fpu: Supporng XSAVE feature 0x02: 'SSE registers'
[    0.000000] x86/fpu: Supporting XSAVE feature 0x04: 'AVX registers'
[    0.000000] x86/fpu: Enabled xstate features 0x7, context size is 832 bytes, using 'sanrd' format.
[    0.000000] e820: BIOS-provided physical RAM map:
[    0.000000] BIOS-e820: [mem 0x0000000000000000-0x000000000009fbff] usable
[    0.000000] BIOS-e820: [mem 0x000000000009fc00-0x000000000009ffff] reserved
[    0..000000] BIOS-e820: [mem 0x00000000000f0000-0x00000000000fffff] reserved
[    0.000000] BIOS-e820: [mem 0x0000000000100000-0x000000003ffeffff] usable
[    0.000000] BIOS-e820: [mem 0x000000003fff0000-0x000000003fffffff] ACPI data
[    0.000000] BIOS-e820: [mem 0x00000000fec00000-0x00000000fec00fff] reserved
[    0.000000] BIOS-e820: [mem 0x00000000fee00000-0x00000000fee00fff] reserved
[    0.000000] BIOS-e820: [mem 0x00000000fffc0000-0x00000000ffffffff] reserved
[    0.000000] NX (Execute Disable) protection: active
[    0.000000] SMBIOS 2.5 present.
[    0.000000] Hypervisor detected: KVM
[    0.000000] Kernel/User page tables isolation: disabled
[    0.000000] AGP: No AGP bridge found
[    0.000000] e820: last_pfn = 0x3fff0 max_arch_pfn = 0x400000000
[    0.000000] MTRR: Disabled
[    0.000000] x86/PAT: MTRRs disabled, skipping PAT initialization too.
[    0.000000] CPU MTRRs all blank - virtualized system.
[    0.000000] x86/PAT: Configuration [0-7]: WB  WT  UC- UC  WB  WT  UC- UC  
[    0.000000] found SMP MP-table at [mem 0x0009fff0-0x0009ffff] mapped at [fff88000009fff0]
[    0.000000] Scanning 1 areas for low memory corruption
[    0000000] RAMDISK: [mem 0x362dc000-0x37165fff]
[    0.000000] ACPI: Early table checksum verification disabled
[    0.000000] ACPI: RSDP 0x00000000000E0000 000024 (v02 VBOX )
[    0.000000] ACPI: XSDT 0x000000003FFF0030 00003C (v01 VBOX   VBOXXSDT 00000001 ASL  00000061)
[    0.000000] ACPI: FACP 0x000000003FF00F0 0000F4 (v04 VBOX   VBOXFACP 00000001 ASL  00000061)
[    0.000000] ACPI: DSDT 0x000000003FFF0470 0021FF (v02 VBOX   VBOXBIOS 00000002 INTL 20100528)
[    0.000000] ACPI: FACS 0x000000003FFF0200 000040
[    0.000000] ACPI: FACS 0x000000003FFF0200 000040
[    0.000000] ACPI: APIC 0x000000003FFF0240 00005C (v02 VBOX   VBOXAPIC 00000001 ASL  00000061)
[    0.000000] ACPI: SSDT 0x000000003FFF02A0 0001CC (v01 VBOX   VBOXCPUT 00000002 INTL 20100528)
[    0.000000] No NUMA configuration found
[    0.000000] Faking a node at [mem 0x0000000000000000-0x000000003ffeffff]
[    0.000000] NODE_DATA(0) allocated [mem 0x3ffeb000-0x3ffeffff]
[    0.000000] kvm-clock: Using msrs 4b564d01 and 4b564d00
[    0.000000] kv-clock: cpu 0, msr 0:3ffe3001, primary cpu clock
[    0.000000] kvm-clock: using sched offset of 4095547267 cycles
[    0.000000] clksurce: kvm-clock: mask: 0xffffffffffffffff max_cycles: 0x1cd42e4dffb, max_idle_ns: 881590591483 ns
[    0.000000] Zone ranges:
[    0.000000]   DMA      [mem 0x0000000000001000-0x0000000000ffffff]
[    0.000000]   DMA32    [mem 0x0000000001000000-0x000000003ffeffff]
[    0.000000]   Normal   empty
[    0.000000]   Device   empty
[    0.000000] Movable zone start for each node
[    0.000000] Early memory node ranges
[    0.000000]   node   0: [mem 0x0000000000001000-0x000000000009efff]
[    0.000000]   node   0: [mem 0x0000000000100000-0x000000003ffeffff]
[    0.000000] Initmem setup node 0 [mem 0x0000000000001000-0x0000003feffff]
[    0.000000] ACPI: PM-Timer IO Port: 0x4008
[    0.000000] IOAPIC[0]: apic_id 2, version 32, address 0xfec00000, GSI 0-23
[    0.000000] ACPI: INT_SRC_OVR (bus 0 bus_irq 0 global_irq 2 dfl dfl)
[    0.000000] ACPI: INT_SRC_OVR (bus 0 bus_irq 9 global_irq 9 low level)
[    0.000000] Using ACPI (MADT) for SMP configuration information
[    0.000000] smpboot: Allowing 2 CPUs, 0 hotplug CPUs
[    0.0000] PM: Registered nosave memory: [mem 0x00000000-0x00000fff]
[    0.000000] PM: Registered nosave memory: [mem 0x0009f000-0x0009ffff]
[    0.000000] PM: Registered nosave memory: [mem 0x000a0000-0x000effff]
[    0.000000] PM: Registered nosave memory: [mem 0x000f0000-0x000fffff]
[    0.000000] e820: [mem 0x40000000-0xfebfffff] available for PCI devices
[    0.000000] Booting paravirtualized kernel on KVM
[    0.000000] clocksource: refined-jiffies: mask: 0xffffffff max_cycles: 0xffffffff, max_idle_ns: 7645519600211568 ns
[    0.000000] setup_percpu: NR_CPUS:512 nr_cpumask_bits:512 nr_cpu_ids:2 nr_node_ids:1
[    0.000000] PERCPU: Embedded 33 pages/cpu @ffff88003fc00000 s95192 r8192 d31784 u1048576
[    0.000000] Built 1 zonelists in Node order, mobility grouping on.  Total pages: 257912
[    0.000000] Policy zone: DMA32
[    0.000000] Kernel command line: BOOT_IMAGE=/boot/vmlinuz-4.4.0-210-generic root=LABEL=cloudimg-rootfs ro console=tty1 console=ttyS0
[    0.000000] PID hash table entries: 4096 (order: 3, 32768 bytes)
[    0.000000] AGP: Checking aperture...
[    0.000000] AGP: No AGP bridge found
[    0.0000] Memory: 997792K/1048120K available (8644K kernel code, 1332K rwdata, 4044K rodata, 1492K init, 1164K bss, 50328K reserved, 0K cma-reserved)
[    0.000000] SLUB: HWalign=64, Order=0-3, MinObjects=0, CPUs=2, Nodes=1
[    0.000000] Hierarchical RCU implementation.
[    0.000000] 	Build-time adjustment of leaf fanout to 64.
[    0.000000] 	RCU restrictng CPUs from NR_CPUS=512 to nr_cpu_ids=2.
[    0.000000] RCU: Adjusting geometry for rcu_fanout_leaf=64, nr_cpu_ids=2
[    0.000000] NR_IRQS:3304 nr_irqs:440 16
[    0.000000] Console: colour VGA+ 80x25
[    0.000000] console [tty1] enabled
[    0.000000] console [ttyS0] enabled
[    0.000000] tsc: Detected 3817.138 MHz processor
[    0.000000] tsc: Marking TSC unstable due to TSCs unsynchronized
[    0.004000] Calibrating delay loop (skipped) preset value.. 7634.27 BogoMIPS (lpj=15268552)
[    0.004000] pid_max: default: 32768 minimum: 301
[    0.004000] ACPI: Core revision 20150930
[    0.004000] ACPI: 2 ACPI AML tables successfully acquired and loaded
[    0.004000] Security Framework initialized
[    0.004000] Yama: becoming mindful.
[    0.004000] AppArmor: AppArmor initialized
[    0.004000] Dentry cache hash table entries: 131072 (order: 8, 1048576 bytes)
[    0.004000] Inode-cache hash table entries: 65536 (order: 7, 524288 bytes)
[    0.004000] Mount-cache hash table entries: 2048 (order: 2, 16384 bytes)
[    0.004000] Mountpoint-cache hash table entries: 2048 (order: 2, 16384 bytes)
[    0.004000] Initializing cgroup subsys io
[   0.004000] Initializing cgroup subsys memory
[    0.004015] Initializing cgroup subsys devices
[    0.008006] Initializing cgroup subsys freezer
[    0.009274] Initializing cgroup subsys net_cls
[    0.012005] Initializing cgroup subsys perf_event
[    0.013328] Initializing cgroup subsys net_prio
[    0.016008] Initializing cgroup subsys hugetlb
[    0.017266] Initializing cgroup subsys pids
[    0.020083] mce: CPU supports 0 MCE banks
[    0.021627] Last level iTLB entries: 4KB 512, 2MB 1024, 4MB 512
[    0.024004] Last level dTLB entries: 4KB 1024, 2MB 1024, 4MB 512, 1GB 0
[    0.028006] Spectre V1 : Mitigation: usercopy/swapgs barriers and __user pointer sanitization
[    0.030604] Spectre V2 : Spectre mitigation: LFENCE not serializing, switching to generic retpoline
[    0.032004] Spectre V2 : Mitigation: Full generic retpoline
[    0.036003] Spectre V2 : Spectre v2 / SpectreRSB mitigation: Filling RSB on context switch
[    0.040004] Speculative Store Bypass: Mitigation: Speculative Store Bypass disabled via prctl and seccomp
[    0.045610] Freeing SMP alternatives memory: 36K
[    0.058208] ftrace: allocating 32380 entries in 127 pages
[    0.080108] smpboot: APIC(0) Converting physical 0 to logical package 0
[    0.084012] smpboot: Max logical packages: 1
[    0.085659] x2apic enabled
[    0.088006] Switched APIC routing to physical x2apic.
[    0.093480] ..TIMER: vector=0x30 apic1=0 pin1=2 apic2=-1 pin2=-1
[    0.213556] smpboot: CPU0: AMD FX(tm)-4300 Quad-Core Processor (family: 0x15, model: 0x2, stepping: 0x0)
[    0.218230] Performance Events: Broken PMU hardware detected, using software events only.
[    0.220002] Failed to access perfctr msr (MSR c0010007 is 0)
[    0.232182] KVM setup paravirtual spinlock
[    0.234293] x86: Booting SMP configuration:
[    0.235551] .... node  #0, CPUs:      #1
[    0.004000] kvm-clock: cpu 1, msr 0:3ffe3041, secondary cpu clock
[    0.004000] mce: CPU supports 0 MCE banks
[    0.238588] x86: Booted up 1 node, 2 CPUs
[    0.240003] smpboot: Total of 2 processors activated (15268.55 BogoMIPS)
[    0.244284] devtmpfs: initialized
[    0.248924] evm: security.selinux
[    0.250000] evm: security.SMACK64
[    0.251116] evm: security.SMACK64EXEC
[    0.252000] evm: security.SMACK64TRANSMUTE
[    0.252004] evm: security.SMACK64MMAP
[    0.253217] evm: security.ima
[    0.254328] evm: security.capability
[    0.260000] clocksource: jiffies: mask: 0xffffffff max_cycles: 0xffffffff, max_idle_ns: 7645041785100000 ns
[    0.264013] futex hash table entries: 512 (order: 3, 32768 bytes)
[    0.268045] pinctrl core: initialized pinctrl subsystem
[    0.269641] RTC time: 11:19:35, date: 04/23/22
[    0.271173] NET: Registered protocol family 16
[    0.284011] cpuidle: using governor ladder
[    0.296009] cpuidle: using governor menu
[    0.297237] PCCT header not found.
[    0.300371] ACPI: bus type PCI registered
[    0.301618] acpiphp: ACPI Hot Plug PCI Controller Driver version: 0.5
[    0.308022] PCI: Using configuration type 1 for base access
[    0.309582] PCI: Using configuration type 1 for extended access
[    0.324096] ACPI: Added _OSI(Module Device)
[    0.325394] ACPI: Added _OSI(Processor Device)
[    0.326714] ACPI: Added _OSI(3.0 _SCP Extensions)
[    0.328016] ACPI: Added _OSI(Processor Aggregator Device)
[    0.332735] ACPI: Executed 1 blocks of module-level executable AML code
[    0.338166] ACPI: Interpreter enabled
[    0.339376] ACPI: (supports S0 S5)
[    0.340004] ACPI: Using IOAPIC for interrupt routing
[    0.341696] PCI: Using host bridge windows from ACPI; if necessary, use "pci=nocrs" and report a bug
[    0.349545] ACPI: PCI Root Bridge [PCI0] (domain 0000 [bus 00-ff])
[    0.352028] acpi PNP0A03:00: _OSC: OS supports [ExtendedConfig ASPM ClockPM Segments MSI]
[    0.356057] acpi PNP0A03:00: _OSC: OS now controls [PCIeHotplug PME AER PCIeCapability]
[    0.360462] PCI host bridge to bus 0000:00
[    0.364007] pci_bus 0000:00: root bus resource [io  0x0000-0x0cf7 window]
[    0.365858] pci_bus 0000:00: root bus resource [io  0x0d00-0xffff window]
[    0.368004] pci_bus 0000:00: root bus resource [mem 0x000a0000-0x000bffff window]
[    0.372006] pci_bus 0000:00: root bus resource [mem 0x40000000-0xfdffffff window]
[    0.376007] pci_bus 0000:00: root bus resource [bus 00-ff]
[    0.382352] pci 0000:00:01.1: legacy IDE quirk: reg 0x10: [io  0x01f0-0x01f7]
[    0.384003] pci 0000:00:01.1: legacy IDE quirk: reg 0x14: [io  0x03f6]
[    0.385905] pci 0000:00:01.1: legacy IDE quirk: reg 0x18: [io  0x0170-0x0177]
[    0.387914] pci 0000:00:01.1: legacy IDE quirk: reg 0x1c: [io  0x0376]
[    0.409018] pci 0000:00:07.0: quirk: [io  0x4000-0x403f] claimed by PIIX4 ACPI
[    0.412076] pci 0000:00:07.0: quirk: [io  0x4100-0x410f] claimed by PIIX4 SMB
[    0.432869] ACPI: PCI Interrupt Link [LNKA] (IRQs 5 9 10 *11)
[    0.435239] ACPI: PCI Interrupt Link [LNKB] (IRQs 5 9 *10 11)
[    0.437078] ACPI: PCI Interrupt Link [LNKC] (IRQs 5 *9 10 11)
[    0.444040] ACPI: PCI Interrupt Link [LNKD] (IRQs 5 9 10 *11)
[    0.446312] ACPI: Enabled 2 GPEs in block 00 to 07
[    0.448110] vgaarb: setting as boot device: PCI:0000:00:02.0
[    0.449616] vgaarb: device added: PCI:0000:00:02.0,decodes=io+mem,owns=io+mem,locks=none
[    0.452005] vgaarb: loaded
[    0.452958] vgaarb: bridge control possible 0000:00:02.0
[    0.454739] SCSI subsystem initialized
[    0.456043] ACPI: bus type USB registered
[    0.457307] usbcore: registered new interface driver usbfs
[    0.459024] usbcore: registered new interface driver hub
[    0.460021] usbcore: registered new device driver usb
[    0.464066] PCI: Using ACPI for IRQ routing
[    0.465702] NetLabel: Initializing
[    0.466754] NetLabel:  domain hash size = 128
[    0.468002] NetLabel:  protocols = UNLABELED CIPSOv4
[    0.469411] NetLabel:  unlabeled traffic allowed by default
[    0.472067] amd_nb: Cannot enumerate AMD northbridges
[    0.473598] clocksource: Switched to clocksource kvm-clock
[  0.887] AppArmor: AppArmor Filesystem Enabled
[    0.488167] pnp: PnP ACPI init
[   0.488167] pnp: PnP ACPI: found 3 devices

[    0.693048] clocksource: acpi_pm: mask: 0xffffff max_cycles: 0xffffff, max_idle_ns: 2085701024 ns
[    0.695695] NET: Registered protocol family 2
[    0.697325] TCP established hash table entries: 8192 (order: 4, 65536 bytes)
[    0.699336] TCP bind hash table entries: 8192 (order: 5, 131072 bytes)
[    0.701132] TCP: Hash tables configured (established 8192 bind 8192)
[    0.702869] UDP hash table entries: 512 (order: 2, 16384 bytes)
[    0.704464] UDP-Lite hash table entries: 512 (order: 2, 16384 bys)    0.705099] NET: Registered protocol family 1
[    0.705099] pci 0000:00:00.0: Limiting direct PCI/PCI transfers
[  0.705099] pci 0000:00:01.0: Activating ISA DMA hang workarounds
[    0.705099] Unpacking initramfs...
[    1.332021] Freeing initrd memory: 14888K
[    1.336837] clocksource: tsc: mask: 0xffffffffffffffff max_cycles: 0x6e0b2dac317, max_idle_ns: 881591110816 ns
[    1.340739] platform rtc_cmos: registered platform RTC device (no PNP device found)
[    1.343087] Scanning for low memory corruption every 60 seconds
[    1.354286] audit: initializing netlink subsys (disabled)
[    1.355972] audit: type=2000 audit(1650712781.520:1): initialized
[    1.359788] Initialise system trusted keyring
[    1.386783] HugeTLB registered 2 MB page size, pre-allocated 0 pages
[    1.396921] zbud: loaded
[    1.398293] VFS: Disk quotas dquot_6.6.0
[    1.399578] VFS: Dquot-cache hash table entries: 512 (order 0, 4096 bytes)
[    1.401716] squashfs: version 4.0 (2009/01/31) Phillip Lougher
[    1.408401] fuse init (API version 7.23)
[    1.409872] Key type big_key registered
[    1.411112] Allocating IMA MOK and blacklist keyrings.
[    1.414629] Key type asymmetric registered
[    1.416922] Asymmetric key parser 'x509' registered
[    1.418679] Block layer SCSI generic (bsg) driver version 0.4 loaded (major 249)
[    1.421145] io scheduler noop registered
[    1.422436] io scheduler deadline registered (default)
[    1.424059] io scheduler cfq registered
[    1.427336] pci_hotplug: PCI Hot Plug PCI Core version: 0.5
[    1.429017] pciehp: PCI Express Hot Plug Controller Driver version: 0.4
[    1.430914] ACPI: AC Adapter [AC] (on-line)
[    1.432209] input: Power Button as /devices/LNXSYSTM:00/LNXPWRBN:00/input/input0
[    1.436479] ACPI: Power Button [PWRF]
[    1.439429] input: Sleep Button as /devices/LNXSYSTM:00/LNXSLPBN:00/input/input1
[    1.450957] ACPI: Sleep Button [SLPF]
[    1.452427] GHES: HEST is not enabled!
[    1.453923] Serial: 8250/16550 driver, 32 ports, IRQ sharing enabled
[    1.478427] 00:02: ttyS0 at I/O 0x3f8 (irq = 4, base_baud = 115200) is a 16550A
[    1.490240] Linux agpgart interface v0.103
[    1.493798] loop: module loaded
[    1.502723] scsi host0: ata_piix
[    1.504053] scsi host1: ata_piix
[    1.507121] ata1: PATA max UDMA/33 cmd 0x1f0 ctl 0x3f6 bmdma 0xd000 irq 14
[    1.509035] ata2: PATA max UDMA/33 cmd 0x170 ctl 0x376 bmdma 0xd008 irq 15
[    1.511385] libphy: Fixed MDIO Bus: probed
[    1.520386] tun: Universal TUN/TAP device driver, 1.6
[    1.528558] tun: (C) 1999-2004 Max Krasnyansky <maxk@qualcomm.com>
[    1.530364] PPP generic driver version 2.4.2
[    1.531723] ehci_hcd: USB 2.0 'Enhanced' Host Controller (EHCI) Driver
[    1.535450] ehci-pci: EHCI PCI platform driver
[    1.539774] ehci-platform: EHCI generic platform driver
[    1.541481] ohci_hcd: USB 1.1 'Open' Host Controller (OHCI) Driver
[    1.543277] ohci-pci: OHCI PCI platform driver
[    1.550822] ohci-platform: OHCI generic platform driver
[    1.552275] uhci_hcd: USB Universal Host Controller Interface driver
[    1.557013] i8042: PNP: PS/2 Controller [PNP0303:PS2K,PNP0f03:PS2M] at 0x60,0x64 irq 1,12
[    1.559890] serio: i8042 KBD port at 0x60,0x64 irq 1
[    1.561346] serio: i8042 AUX port at 0x60,0x64 irq 12
[    1.563004] mousedev: PS/2 mouse device common for all mice
[    1.565591] rtc_cmos rtc_cmos: rtc core: registered rtc_cmos as rtc0
[    1.567349] rtc_cmos rtc_cmos: alarms up to one day, 114 bytes nvram
[    1.569069] i2c /dev entries driver
[    1.570152] device-mapper: uevent: version 1.0.3
[    1.574175] input: AT Translated Set 2 keyboard as /devices/platform/i8042/serio0/input/input2
[    1.576924] device-mapper: ioctl: 4.34.0-ioctl (2015-10-28) initialised: dm-devel@redhat.com
[    1.576945] ledtrig-cpu: registered to indicate activity on CPUs
[    1.577096] x86/pm: family 0x15 cpu detected, MSR saving is needed during suspending.
[    1.577325] NET: Registered protocol family 10
[    1.577499] NET: Registered protocol family 17
[    1.577510] Key type dns_resolver registered
[    1.577819] registered taskstats version 1
[    1.577832] Loading compiled-in X.509 certificates
[    1.578605] Loaded X.509 cert 'Build time autogenerated kernel key: cf00e047681d67edb2720680708b7d9498083038'
[    1.578622] zswap: loaded using pool lzo/zbud
[    1.580635] Key type trusted registered
[    1.583787] Key type encrypted registered
[    1.583793] AppArmor: AppArmor sha1 policy hashing enabled
[    1.583796] ima: No TPM chip found, activating TPM-bypass!
[    1.583801] ima: Allocated hash algorithm: sha1
[    1.583821] evm: HMAC attrs: 0x1
[    1.584241]   Magic number: 2:154:328
[    1.593295] rtc_cmos rtc_cmos: setting system clock to 2022-04-23 11:19:36 UTC (1650712776)
[    1.593389] BIOS EDD facility v0.16 2004-Jun-25, 0 devices found
[    1.593389] EDD information not available.
[    1.670383] Freeing unused kernel memory: 1492K
[    1.956745] Write protecting the kernel read-only data: 14336k
[    1.959033] Freeing unused kernel memory: 1584K
[    1.969346] Freeing unused kernel memory: 52K
Loading, please wait...
starting version[    1.984414] random: systemd-udevd: uninitialized urandom read (16 bytes read, 2 bits of entropy available)
 229
[    1.985024] random: udevadm: uninitialized urandom read (16 bytes read, 2 bits of entropy available)
[    1.985067] random: udevadm: uninitialized urandom read (16 bytes read, 2 bits of entropy available)
[    1.997563] random: udevadm: uninitialized urandom read (16 bytes read, 2 bits of entropy available)
[    1.997605] random: udevadm: uninitialized urandom read (16 bytes read, 2 bits of entropy available)
[    1.997784] random: udevadm: uninitialized urandom read (16 bytes read, 2 bits of entropy available)
[    1.997838] random: udevadm: uninitialized urandom read (16 bytes read, 2 bits of entropy available)
[    1.997890] random: udevadm: uninitialized urandom read (16 bytes read, 2 bits of entropy available)
[    1.997946] random: udevadm: uninitialized urandom read (16 bytes read, 2 bits of entropy available)
[    1.997998] random: udevadm: uninitialized urandom read (16 bytes read, 2 bits of entropy available)
[    2.065165] e1000: Intel(R) PRO/1000 Network Driver - version 7.3.21-k8-NAPI
[    2.075773] e1000: Copyright (c) 1999-2006 Intel Corporation.
[    2.081253] Fusion MPT base driver 3.04.20
[    2.083947] Copyright (c) 1999-2008 LSI Corporation
[    2.094762] Fusion MPT SPI Host driver 3.04.20
[    2.104420] AVX version of gcm_enc/dec engaged.
[    2.107737] AES CTR mode by8 optimization enabled
[    2.319660] input: ImExPS/2 Generic Explorer Mouse as /devices/platform/i8042/serio1/input/input4
[    2.481021] e1000 0000:00:03.0 eth0: (PCI:33MHz:32-bit) 02:be:82:6b:cc:1d
[    2.484906] e1000 0000:00:03.0 eth0: Intel(R) PRO/1000 Network Connection
[    3.070139] e1000 0000:00:08.0 eth1: (PCI:33MHz:32-bit) 08:00:27:91:5c:72
[    3.073150] e1000 0000:00:08.0 eth1: Intel(R) PRO/1000 Network Connection
[    3.075892] mptbase: ioc0: Initiating bringup
[    3.078337] e1000 0000:00:08.0 enp0s8: renamed from eth1
[    3.100457] e1000 0000:00:03.0 enp0s3: renamed from eth0
[    3.156240] ioc0: LSI53C1030 A0: Capabilities={Initiator}
[    3.317747] scsi host2: ioc0: LSI53C1030 A0, FwRev=00000000h, Ports=1, MaxQ=256, IRQ=20
[    4.293018] scsi 2:0:0:0: Direct-Access     VBOX     HARDDISK         1.0  PQ: 0 ANSI: 5
[    4.314814] scsi target2:0:0: Beginning Domain Validation
[    4.321694] scsi target2:0:0: Domain Validation skipping write tests
[    4.325567] scsi target2:0:0: Ending Domain Validation
[    4.328993] scsi target2:0:0: asynchronous
[    4.330892] scsi 2:0:1:0: Direct-Access     VBOX     HARDDISK         1.0  PQ: 0 ANSI: 5
[    4.333151] scsi target2:0:1: Beginning Domain Validation
[    4.336109] scsi target2:0:1: Domain Validation skipping write tests
[    4.337836] scsi target2:0:1: Ending Domain Validation
[    4.339337] scsi target2:0:1: asynchronous
[    4.352560] sd 2:0:0:0: [sda] 83886080 512-byte logical blocks: (42.9 GB/40.0 GiB)
[    4.354934] sd 2:0:0:0: Attached scsi generic sg0 type 0
[    4.356763] sd 2:0:0:0: [sda] Write Protect is off
[    4.358477] sd 2:0:1:0: [sdb] 20480 512-byte logical blocks: (10.5 MB/10.0 MiB)
[    4.360657] sd 2:0:0:0: [sda] Incomplete mode parameter data
[    4.360804] sd 2:0:1:0: [sdb] Write Protect is off
[    4.360978] sd 2:0:1:0: [sdb] Incomplete mode parameter data
[    4.360980] sd 2:0:1:0: [sdb] Assuming drive cache: write through
[    4.364541] sd 2:0:1:0: Attached scsi generic sg1 type 0
[    4.374587] sd 2:0:0:0: [sda] Assuming drive cache: write through
[    4.383709]  sda: sda1
[    4.384746] sd 2:0:1:0: [sdb] Attached SCSI disk
[    4.399789] sd 2:0:0:0: [sda] Attached SCSI disk
Begin: Loading e[    5.925604] md: linear personality registered for level -1
ssential drivers ... [    5.960175] md: multipath personality registered for level -4
[    5.964099] md: raid0 personality registered for level 0
[    5.969007] md: raid1 personality registered for level 1
[    6.040620] raid6: sse2x1   gen()  6338 MB/s
[    6.109919] raid6: sse2x1   xor()  4841 MB/s
[    6.188027] raid6: sse2x2   gen()  9064 MB/s
[    6.264196] raid6: sse2x2   xor()  6974 MB/s
[    6.341421] raid6: sse2x4   gen() 12394 MB/s
[    6.408789] raid6: sse2x4   xor()  6172 MB/s
[    6.410034] raid6: using algorithm sse2x4 gen() 12394 MB/s
[    6.411599] raid6: .... xor() 6172 MB/s, rmw enabled
[    6.413146] raid6: using ssse3x2 recovery algorithm
[    6.415841] xor: automatically using best checksumming function:
[    6.492021]    avx       :  4362.000 MB/sec
[    6.494527] async_tx: api initialized (async)
[    6.505190] md: raid6 personality registered for level 6
[    6.506644] md: raid5 personality registered for level 5
[    6.515761] md: raid4 personality registered for level 4
[    6.529926] md: raid10 personality registered for level 10
done.
Begin: Running /scripts/init-premount ... done.
Begin: Mounting root file system ... Begin: Running /scripts/local-top ... done.
Begin: Running /scripts/local-premount ... [    6.561888] Btrfs loaded
Scanning for Btrfs filesystems
done.
Warning: fsck not present, so skipping root file system
[    6.641815] EXT4-fs (sda1): mounted filesystem with ordered data mode. Opts: (null)
done.
Begin: Running /scripts/local-bottom ... done.
Begin: Running /scripts/init-bottom ... done.
[    7.353559] systemd[1]: systemd 229 running in system mode. (+PAM +AUDIT +SELINUX +IMA +APPARMOR +SMACK +SYSVINIT +UTMP +LIBCRYPTSETUP +GCRYPT +GNUTLS +ACL +XZ -LZ4 +SECCOMP +BLKID +ELFUTILS +KMOD -IDN)
[    7.367932] systemd[1]: Detected virtualization oracle.
[    7.369510] systemd[1]: Detected architecture x86-64.

Welcome to [1mUbuntu 16.04.7 LTS[0m!

[    7.397880] systemd[1]: Set hostname to <ubuntu>.
[    7.414460] systemd[1]: Initializing mche ID from random generator.
[    7.418396] systemd[1]: Installed transient /etc/machine-id file.

[   8.474783] random: nonblocking pool is initialized
[    9.132841] systemd[1]: Created slice System Slice.
[[0;32m  OK  [0m] Created slice System Slice.
[    9.135455] systemd[1]: Listening on Journal Socket.
[[0;32m  OK  [0m] Listening on Journal Socket.
[    9.185373] systemd[1]: Starting Load Kernel Modules...
         Starting Load Kernel Modules...
[    9.188389] systemd[1]: Reached target User and Group Name Lookups.
[[0;32m  OK  [0m] Reached target User and Group Name Lookups.
[    9.191866] systemd[1]: Reached target Swap.
[[0;32m  OK  [0m] Reached target Swap.
[    9.198326] systemd[1]: Mounting POSIX Message Queue File System...
         Mounting POSIX Message Queue File System...
[    9.202019] systemd[1]: Listening on Journal Socket (/dev/log).
[[0;32m  OK  [0m] Listening on Journal Socket (/dev/log).
[    9.205679] systemd[1]: Listening on udev Kernel Socket.
[[0;32m  OK  [0m] Listening on udev Kernel Socket.
[    9.211911] systemd[1]: Listening on LVM2 metadata daemon socket.
[[0;32m  OK  [0m] Listening on LVM2 metadata daemon socket.
[    9.216310] systemd[1]: Starting Nameserver information manager...
         Starting Nameserver information manager...
[    9.230048] systemd[1]: Created slice User and Session Slice.
[[0;32m  OK  [0m] Created slice User and Session Slice.
[    9.233531] systemd[1]: Listening on Syslog Socket.
[[0;32m  OK  [0m] Listening on Syslog Socket.
[    9.236349] systemd[1]: Listening on fsck to fsckd communication Socket.
[[0;32m  OK  [0m] Listening on fsck to fsckd communication Socket.
[    9.253022] systemd[1]: Started Forward Password Requests to Wall Directory Watch.
[[0;32m  OK  [0m] Started Forward Password Requests to Wall Directory Watch.
[    9.257976] systemd[1]: Starting File System Check on Root Device...
         Starting File System Check on Root Device...
[    9.273542] systemd[1]: Listening on /dev/initctl Compatibility Named Pipe.
[[0;32m  OK  [0m] Listening on /dev/initctl Compatibility Named Pipe.
[    9.291248] systemd[1]: Reached target System Time Synchronized.
[[0;32m  OK  [0m] Reached target System Time Synchronized.
[    9.294926] systemd[1]: Reached target Slices.
[[0;32m  OK  [0m] Reached target Slices.
[    9.298110] systemd[1]: Created slice system-serial\x2dgetty.slice.
[[0;32m  OK  [0m] Created slice system-serial\x2dgetty.slice.
[    9.305188] systemd[1]: Reached target Encrypted Volumes.
[[0;32m  OK  [0m] Reached target Encrypted Volumes.
[    9.313453] Loading iSCSI transport class v2.0-870.
[    9.325000] systemd[1]: Starting Set console keymap...
         Starting Set console keymap...
[    9.351846] systemd[1]: Listening on LVM2 poll daemon socket.
[[0;32m  OK  [0m] Listening on LVM2 poll daemon socket.
[    9.362835] systemd[1]: Starting Uncomplicated firewall...
         Starting Uncomplicated firewall...
[    9.369248] systemd[1]: Listening on Device-mapper event daemon FIFOs.
[[0;32m  OK  [0m] Listening on Device-mapper event daemon FIFOs.
[    9.373823] systemd[1]: Starting Monitoring of LVM2 mirrors, snapshots etc. using dmeventd or progress polling...
         Starting Monitoring of LVM2 mirrors... dmeventd or progress polling...
[    9.412985] systemd[1]: Listening on Journal Audit Socket.
[[0;32m  OK  [0m] Listening on Journal Audit Socket.
[    9.428523] systemd[1]: Starting Journal Service...
         [    9.447898] iscsi: registered transport (tcp)
Starting Journal Service...
[    9.477409] systemd[1]: Started Trigger resolvconf update for networkd DNS.
[[0;32m  OK  [0m] Started Trigger resolvconf update for networkd DNS.
[    9.529091] systemd[1]: Mounting Debug File System...
         Mounting Debug File System...
[    9.533907] systemd[1]: Set up automount Arbitrary Executable File Formats File System Automount Point.
[[0;32m  OK  [0m] Set up automount Arbitrary Executab...ats File System Automount Point.
[    9.596445] systemd[1]: Mounting Huge Pages File System...
         Mounting Huge Pages File System...
[    9.610182] systemd[1]: Starting Create list of required static device nodes for the current kernel...
         Starting Create list of required st... nodes for the current kernel...
[    9.616885] systemd[1]: Listening on udev Control Socket.
[[0;32m  OK  [0m] Listening on udev Control Socket.
[    9.622386] systemd[1]: Mounted Huge Pages File System.
[[0;32m  OK  [0m] Mounted Huge Pages File System.
[    9.627555] systemd[1]: Mounted POSIX Message Queue File System.
[[0;32m  OK  [0m] Mounted POSIX Message Queue File System.
[    9.631038] systemd[1]: Mounted Debug File System.
[[0;32m  OK  [0m] Mounted Debug File System.
[    9.636034] systemd[1]: Started Uncomplicated firewall.
[[0;32m  OK  [0m] Started Uncomplicated firewall.
[    9.651534] systemd[1]: Started File System Check Daemon to report status.
[[0;32m  OK  [0m] Started File System Check Daemon to report status.
[    9.683984] systemd[1]: Started File System Check on Root Device.
[[0;32m  OK  [0m] Started File System Check on Root Device.
[    9.701111] systemd[1]: Starting Remount Root and Kernel File Systems...
         Starting Remount Root and Kernel File Systems...
[    9.716245] systemd[1]: Started Nameserver information manager.
[[0;32m  OK  [0m] Started Nameserver information manager.
[    9.739403] systemd[1]: Started Create list of required static device nodes for the current kernel.
[[0;32m  OK  [0m] Started Create list of required sta...ce nodes for the current kernel.
[    9.760565] systemd[1]: Starting Create Static Device Nodes in /dev...
         Starting Create Static Device Nodes in /dev...
[    9.765181] systemd[1]: Started Set console keymap.
[[0;32m  OK  [0m] Started Set [    9.769992] EXT4-fs (sda1): re-mounted. Opts: (null)
console keymap.
[    9.774016] systemd[1]: Started Remount Root and Kernel File Systems.
[[0;32m  OK  [0m] Started Remount Root and Kernel File Systems.
[    9.876714] systemd[1]: Starting udev Coldplug all Devices...
         Starting udev Coldplug all Devices...
[    9.887618] iscsi: registered transport (iser)
[    9.892015] systemd[1]: Starting Load/Save Random Seed...
         Starting Load/Save Random Seed...
[    9.907037] systemd[1]: Started Load Kernel Modules.
[[0;32m  OK  [0m] Started Load Kernel Modules.
[    9.924692] systemd[1]: Starting Apply Kernel Variables...
         Starting Apply Kernel Variables...
[    9.932978] systemd[1]: Mounting FUSE Control File System...
         Mounting FUSE Control File System...
[    9.939460] systemd[1]: Mounted FUSE Control File System.
[[0;32m  OK  [0m] Mounted FUSE Control File System.
[    9.945915] systemd[1]: Started LVM2 metadata daemon.
[[0;32m  OK  [0m] Started LVM2 metadata daemon.
[    9.993563] systemd[1]: Started Journal Service.
[[0;32m  OK  [0m] Started Journal Service.
         Starting Flush Journal to Persistent Storage...
[[0;32m  OK  [0m] Started Load/Save Random Seed.
[[0;32m  OK  [0m] Started udev Coldplug all Devices.
[   10.073570] systemd-journald[390]: Received request to flush runtime journal from PID 1
[[0;32m  OK  [0m] Started Flush Journal to Persistent Storage.
[[0;32m  OK  [0m] Started Apply Kernel Variables.
[[0;32m  OK  [0m] Started Monitoring of LVM2 mirrors,...ng dmeventd or progress polling.
[[0;32m  OK  [0m] Started Create Static Device Nodes in /dev.
[[0;32m  OK  [0m] Reached target Local File Systems (Pre).
[[0;32m  OK  [0m] Reached target Local File Systems.
         Starting Set console font and keymap...
         Starting Initial cloud-init job (pre-networking)...
         Starting Create Volatile Files and Directories...
         Starting Tell Plymouth To Write Out Runtime Data...
         Starting LSB: AppArmor initialization...
         Starting Commit a transient machine-id on disk...
         Starting udev Kernel Device Manager...
[[0;32m  OK  [0m] Started Commit a transient machine-id on disk.
[[0;32m  OK  [0m] Started Create Volatile Files and Directories.
[[0;32m  OK  [0m] Started Tell Plymouth To Write Out Runtime Data.
         Starting Update UTMP about System Boot/Shutdown...
[[0;32m  OK  [0m] Started Update UTMP about System Boot/Shutdown.
[[0;32m  OK  [0m] Started udev Kernel Device Manager.
[[0;32m  OK  [0m] Started Dispatch Password Requests to Console Directory Watch.
[[0;32m  OK  [0m] Started Set console font and keymap.
[[0;32m  OK  [0m] Created slice system-getty.slice.
[[0;32m  OK  [0m] Found device /dev/ttyS0.
[[0;32m  OK  [0m] Listening on Load/Save RF Kill Switch Status /dev/rfkill Watch.
[[0;32m  OK  [0m] Started LSB: AppArmor initialization.
         Starting Load AppArmor profiles managed internally by snapd...
[[0;32m  OK  [0m] Started Load AppArmor profiles managed internally by snapd.
[   15.221523] cloud-init[471]: Cloud-init v. 21.1-19-gbad84ad4-0ubuntu1~16.04.2 running 'init-local' at Sat, 23 Apr 2022 11:19:49 +0000. Up 14.64 seconds.
[[0;32m  OK  [0m] Started Initial cloud-init job (pre-networking).
[[0;32m  OK  [0m] Reached target Network (Pre).
         Starting Raise network interfaces...
[[0;32m  OK  [0m] Started Raise network interfaces.
[[0;32m  OK  [0m] Reached target Network.
         Starting Initial cloud-init job (metadata service crawler)...
[   18.585544] cloud-init[961]: Cloud-init v. 21.1-19-gbad84ad4-0ubuntu1~16.04.2 running 'init' at Sat, 23 Apr 2022 11:19:51 +0000. Up 16.10 seconds.
[   18.594097] cloud-init[961]: ci-info: ++++++++++++++++++++++++++++++++++++++Net device info+++++++++++++++++++++++++++++++++++++++
[   18.608672] cloud-init[961]: ci-info: +--------+-------+----------------------------+---------------+--------+-------------------+
[   18.637001] cloud-init[961]: ci-info: | Device |   Up  |          Address           |      Mask     | Scope  |     Hw-Address    |
[   18.696624] cloud-init[961]: ci-info: +--------+-------+----------------------------+---------------+--------+-------------------+
[   18.697145] cloud-init[961]: ci-info: | enp0s3 |  True |         10.0.2.15          | 255.255.255.0 | global | 02:be:82:6b:cc:1d |
[[0;32m  OK  [0m] Started Initial cloud-init job (metadata service crawler).
[   18.697346] cloud-init[961]: ci-info: | enp0s3 |  True | fe80::be:82ff:fe6b:cc1d/64 |       .       |  link  | 02:be:82:6b:cc:1d |
[   18.775644] cloud-init[961]: ci-info: | enp0s8 | False |             .              |       .       |   .    | 08:00:27:91:5c:72 |
[   18.775984] cloud-init[961]: ci-info: |   lo   |  True |         127.0.0.1          |   255.0.0.0   |  host  |         .         |
[[0;32m  OK  [0m] Reached target Cloud-config availability.
[   18.776356] cloud-init[961]: ci-info: |   lo   |  True |          ::1/128           |       .       |  host  |         .         |
[   18.848421] cloud-init[961]: ci-info: +--------+-------+----------------------------+---------------+--------+-------------------+
[   18.848717] cloud-init[961]: ci-info: +++++++++++++++++++++++++++Route IPv4 info++++++++++++++++++++++++++++
[   18.849167] cloud-init[961]: ci-info: +-------+-------------+----------+---------------+-----------+-------+
[   18.849768] cloud-init[961]: ci-info: | Route | Destination | Gateway  |    Genmask    | Interface | Flags |
[   18.850364] cloud-init[961]: ci-info: +-------+-------------+----------+---------------+-----------+-------+
[   18.850932] cloud-init[961]: ci-info: |   0   |   0.0.0.0   | 10.0.2.2 |    0.0.0.0    |   enp0s3  |   UG  |
[   18.851469] cloud-init[961]: ci-info: |   1   |   10.0.2.0  | 0.0.0.0  | 255.255.255.0 |   enp0s3  |   U   |
[   18.851732] cloud-init[961]: ci-info: +-------+-------------+----------+---------------+-----------+-------+
[   18.852178] cloud-init[961]: ci-info: +++++++++++++++++++Route IPv6 info+++++++++++++++++++
[[0;32m  OK  [0m] Reached target Network is Online.
[   18.853691] cloud-init[961]: ci-info: +-------+-------------+---------+-----------+-------+
[   19.045013] cloud-init[961]: ci-info: | Route | Destination | Gateway | Interface | Flags |
[   19.045377] cloud-init[961]: ci-info: +-------+-------------+---------+-----------+-------+
[   19.045652] cloud-init[961]: ci-info: |   0   |  fe80::/64  |    ::   |   enp0s3  |   U   |
[   19.046446] cloud-init[961]: ci-info: |   3   |   ff00::/8  |    ::   |   enp0s3  |   U   |
[   19.046946] cloud-init[961]: ci-info: +-------+-------------+---------+-----------+-------+
[   19.047193] cloud-init[961]: Generating public/private rsa key pair.
[   19.047440] cloud-init[961]: Your identification has been saved in /etc/ssh/ssh_host_rsa_key.
         Starting iSCSI initiator daemon (iscsid)...
[[   19.047952] cloud-init[961]: Your public key has been saved in /etc/ssh/ssh_host_rsa_key.pub.
[   19.091236] cloud-init[961]: The key fingerprint is:
[0;32m  OK  [0m] Reached target System Initialization.
[   19.091468] cloud-init[961]: SHA256:BrQV4Li5wUSoI/Fs4mfMYwYRd1qZ1JO+Wg9rk5msYAw root@ubuntu-xenial
[   19.173760] cloud-init[961]: The key's randomart image is:
[   19.174091] cloud-init[961]: +---[RSA 2048]----+
[   19.174369] cloud-init[961]: | ..oo+*.+.       |
[   19.174645] cloud-init[961]: |..o.+* *         |
[   19.174918] cloud-init[961]: | =..o = .        |
[   19.175200] cloud-init[961]: |=.+o o o         |
[   19.175509] cloud-init[961]: |oE+ =   S        |
[   19.175754] cloud-init[961]: | .oO o =         |
[   19.176005] cloud-init[961]: |  =+o + B        |
[   19.176276] cloud-init[961]: |  . .. O .       |
[   19.176820] cloud-init[961]: |     .o .        |
[   19.177076] cloud-init[961]: +----[SHA256]-----+
[   19.177374] cloud-init[961]: Generating public/private dsa key pair.
[   19.177866] cloud-init[961]: Your identification has been saved in /etc/ssh/ssh_host_dsa_key.
[   19.178130] cloud-init[961]: Your public key has been saved in /etc/ssh/ssh_host_dsa_key.pub.
[   19.178426] cloud-init[961]: The key fingerprint is:
[   19.178680] cloud-init[961]: SHA256:f/7GslQoadnmBhgfHsR3DIvvj3LNvSATbe0mc8T2/98 root@ubuntu-xenial
[   19.178946] cloud-init[961]: The key's randomart image is:
[   19.179208] cloud-init[961]: +---[DSA 1024]----+
[   19.179487] cloud-init[961]: |         .. .o   |
[   19.179735] cloud-init[961]: |         .....o  |
[   19.179996] cloud-init[961]: |        . +...   |
[   19.180258] cloud-init[961]: |         = B..o  |
[   19.180810] cloud-init[961]: |        S O.=o.= |
[   19.181063] cloud-init[961]: |         o *o.+ .|
[   19.181349] cloud-init[961]: |          .o*B =.|
[   19.181597] cloud-init[961]: |          .==o@ +|
[   19.181862] cloud-init[961]: |           o+=o.E|
[   19.182133] cloud-init[961]: +----[SHA256]-----+
[   19.182512] cloud-init[961]: Generating public/private ecdsa key pair.
[[0;32m  OK  [0m] Started Ubuntu Advantage update messaging.
[   19.182821] cloud-init[961]: Your identification has been saved in /etc/ssh/ssh_host_ecdsa_key.
[   19.363222] cloud-init[961]: Your public key has been saved in /etc/ssh/ssh_host_ecdsa_key.pub.
[   19.363578] cloud-init[961]: The key fingerprint is:
[[0;32m  OK  [0m] Listening on ACPID Listen Socket.
[[   19.363973] cloud-init[961]: SHA256:jrgPO5Azcdmwaw+yh09cS4WvF6aEXEGfNfK2+/UwV7Q root@ubuntu-xenial
[   19.471276] cloud-init[961]: The key's randomart image is:
[0;32m  OK  [0m] Listening on UUID daemon activation socket.
[   19.471575] cloud-init[961]: +---[ECDSA 256]---+
[   19.488727] cloud-init[961]: |     .o . o      |
[   19.505026] cloud-init[961]: |    .  + = .     |
[   19.505358] cloud-init[961]: |     =o + o     .|
         Starting LXD - unix socket.
[   19.505739] cloud-init[961]: |  ..+o.o . .   ..|
         Starting Socket activation for snappy daemon.
[   19.516051] cloud-init[961]: |   +o.+ S .    E.|
[   19.579777] cloud-init[961]: |  *.+= B . .    .|
[[0;32m  OK  [0m] Started Daily apt download activities.
[[   19.580049] cloud-init[961]: |   O=o= o .   + .|
[   19.604872] cloud-init[961]: |  o.o+..   . . = |
[0;32m  OK  [0m] Started Daily apt upgrade and clean activities.
[   19.605085] cloud-init[961]: |   o+o.     .   .|
[   19.667197] cloud-init[961]: +----[SHA256]-----+
[   19.667483] cloud-init[961]: Generating public/private ed25519 key pair.
[   19.667754] cloud-init[961]: Your identification has been saved in /etc/ssh/ssh_host_ed25519_key.
[   19.668026] cloud-init[961]: Your public key has been saved in /etc/ssh/ssh_host_ed25519_key.pub.
[   19.668291] cloud-init[961]: The key fingerprint is:
[   19.668554] cloud-init[961]: SHA256:KFfS3kI65aAHgyjstQdV5LZXttsc2t9sto5gb+xGRfE root@ubuntu-xenial
[   19.669123] cloud-init[961]: The key's randomart image is:
[   19.669367] cloud-init[961]: +--[ED25519 256]--+
[   19.669691] cloud-init[961]: |     .oo       ..|
[[0;32m  OK  [0m] Listening on D-Bus System Message Bus Socket.
[   19.669921] cloud-init[961]: |.. .. ..       ..|
[[   19.759699] cloud-init[961]: |o..oo oo=  o  . E|
[   19.759841] cloud-init[961]: |o . o+.@..o .  . |
[   19.760167] cloud-init[961]: | . .o.*.S... ..  |
[0;32m  OK  [0m] Started Daily Cleanup of Temporary Directories.
[[0;32m  OK  [0m] Started Message of the Day.
[[0;32m  OK  [0m] Reached target Timers.
[   19.760507] cloud-init[961]: |    .+ ...  *..  |
[   19.829853] [cloud-init[0;32m  OK  [0m[961]: ] |           =o+   |Started ACPI Events Check.

[[0;32m  OK  [0m] Reached target Paths.
[   19.830463] cloud-init[961]: |          . o+o.+|
[   19.859522] cloud-init[961]: |            ++.*+|
[   19.864938] [cloud-init[0;32m  OK  [0m[961]: ] +----[SHA256]-----+Listening on LXD - unix socket.

[[0;32m  OK  [0m] Listening on Socket activation for snappy daemon.
[[0;32m  OK  [0m] Reached target Sockets.
[[0;32m  OK  [0m] Reached target Basic System.
[[0;32m  OK  [0m] Started FUSE filesystem for LXC.
         Starting System Logging Service...
         Starting Login Service...
         Starting LXD - container startup/shutdown...
[[0;32m  OK  [0m] Started Deferred execution scheduler.
[[0;32m  OK  [0m] Started ACPI event daemon.
         Starting LSB: MD monitoring daemon...
         Starting LSB: Record successful boot for GRUB...
[[0;32m  OK  [0m] Started Regular background program processing daemon.
         Starting Pollinate to seed the pseudo random number generator...
[[0;32m  OK  [0m] Started D-Bus System Message Bus.
         Starting Accounts Service...
         Starting Virtualbox guest utils...
         Starting Snap Daemon...
         Starting /etc/rc.local Compatibility...
[[0;32m  OK  [0m] Started System Logging Service.
[[0;32m  OK  [0m] Started iSCSI initiator daemon (iscsid).
[[0;32m  OK  [0m] Started /etc/rc.local Compatibility.
         Starting Login to default iSCSI targets...
[[0;32m  OK  [0m] Started Login Service.
[[0;32m  OK  [0m] Started Unattended Upgrades Shutdown.
[[0;32m  OK  [0m] Started LSB: Record successful boot for GRUB.
[[0;32m  OK  [0m] Started LSB: MD monitoring daemon.
[[0;32m  OK  [0m] Started Login to default iSCSI targets.
[[0;32m  OK  [0m] Reached target Remote File Systems (Pre).
[[0;32m  OK  [0m] Reached target Remote File Systems.
         Starting Permit User Sessions...
         Starting LSB: daemon to balance interrupts for SMP systems...
         Starting LSB: automatic crash report generation...
         Starting LSB: Set the CPU Frequency Scaling governor to "ondemand"...
[[0;32m  OK  [0m] Started Permit User Sessions.
         Starting Hold until boot process finishes up...
         Starting Terminate Plymouth Boot Screen...
[[0;32m  OK  [0m] Started LSB: Set the CPU Frequency Scaling governor to "ondemand".
[[0;32m  OK  [0m] Started Hold until boot process finishes up.
[[0;32m  OK  [0m] Started Terminate Plymouth Boot Screen.
[[0;32m  OK  [0m] Started Serial Getty on ttyS0.
[[0;32m  OK  [0m] Started Getty on tty1.
[[0;32m  OK  [0m] Reached target Login Prompts.
         Starting Set console scheme...
[[0;32m  OK  [0m] Started LSB: automatic crash report generation.
[[0;32m  OK  [0m] Started Set console scheme.
[[0;32m  OK  [0m] Started LSB: daemon to balance interrupts for SMP systems.
[[0;32m  OK  [0m] Started Virtualbox guest utils.
         Starting Authenticate and Authorize Users to Run Privileged Tasks...
[[0;32m  OK  [0m] Started Authenticate and Authorize Users to Run Privileged Tasks.
[[0;32m  OK  [0m] Started Accounts Service.
[[0;32m  OK  [0m] Started LXD - container startup/shutdown.
[[0;32m  OK  [0m] Started Snap Daemon.
         Starting Wait until snapd is fully seeded...
[[0;32m  OK  [0m] Started Pollinate to seed the pseudo random number generator.
         Starting OpenBSD Secure Shell server...
[[0;32m  OK  [0m] Started OpenBSD Secure Shell server.
[[0;32m  OK  [0m] Created slice User Slice of vagrant.
         Starting User Manager for UID 1000...
[[0;32m  OK  [0m] Started Session 1 of user vagrant.
[[0;32m  OK  [0m] Started User Manager for UID 1000.
[[0;32m  OK  [0m] Started Wait until snapd is fully seeded.
         Starting Apply the settings specified in cloud-config...
[[0;32m  OK  [0m] Reached target Multi-User System.
[[0;32m  OK  [0m] Reached target Graphical Interface.
         Starting Update UTMP about System Runlevel Changes...
[[0;32m  OK  [0m] Started Update UTMP about System Runlevel Changes.
[   27.794158] cloud-init[1378]: Generating locales (this might take a while)...

Ubuntu 16.04.7 LTS ubuntu-xenial ttyS0

ubuntu-xenial login: [   29.214473] cloud-init[1378]:   en_US.UTF-8... done
[   29.216506] cloud-init[1378]: Generation complete.
[   31.106732] cloud-init[1378]: Cloud-init v. 21.1-19-gbad84ad4-0ubuntu1~16.04.2 running 'modules:config' at Sat, 23 Apr 2022 11:20:02 +0000. Up 27.30 seconds.
ci-info: no authorized SSH keys fingerprints found for user ubuntu.
<14>Apr 23 11:20:06 ec2: 
<14>Apr 23 11:20:06 ec2: #############################################################
<14>Apr 23 11:20:06 ec2: -----BEGIN SSH HOST KEY FINGERPRINTS-----
<14>Apr 23 11:20:06 ec2: 1024 SHA256:f/7GslQoadnmBhgfHsR3DIvvj3LNvSATbe0mc8T2/98 root@ubuntu-xenial (DSA)
<14>Apr 23 11:20:06 ec2: 256 SHA256:jrgPO5Azcdmwaw+yh09cS4WvF6aEXEGfNfK2+/UwV7Q root@ubuntu-xenial (ECDSA)
<14>Apr 23 11:20:06 ec2: 256 SHA256:KFfS3kI65aAHgyjstQdV5LZXttsc2t9sto5gb+xGRfE root@ubuntu-xenial (ED25519)
<14>Apr 23 11:20:06 ec2: 2048 SHA256:BrQV4Li5wUSoI/Fs4mfMYwYRd1qZ1JO+Wg9rk5msYAw root@ubuntu-xenial (RSA)
<14>Apr 23 11:20:06 ec2: -----END SSH HOST KEY FINGERPRINTS-----
<14>Apr 23 11:20:06 ec2: #############################################################
-----BEGIN SSH HOST KEY KEYS-----
ecdsa-sha2-nistp256 AAAAE2VjZHNhLXNoYTItbmlzdHAyNTYAAAAIbmlzdHAyNTYAAABBBHQlNxiLTN0u5z6N7KK7TEhpnrLz77ROp8epHonb9EtBTbtjeF2ikvbgETkwBjW0tv3nXLFyRKhCRJvyVw66SPE= root@ubuntu-xenial
ssh-ed25519 AAAAC3NzaC1lZDI1NTE5AAAAIKifaipme91HFGm5vU3xQUTxg/NQKtkMtGzk1X1zQ3Br root@ubuntu-xenial
ssh-rsa AAAAB3NzaC1yc2EAAAADAQABAAABAQDhkT/XQUuEqAJHbb18rE76GHx99SQp3qLbFOexEgKWHscz+iXttP/tQqIdFENCbRaPa4QwwqbMYy7RAISou4rvBo+lcA4expribVsmORZ2w44ngWkfxaXdyjUOxYFZ8ppuP2rG0IGM3JAIn9uzeMgipDNHBvKYP4XkwuR1Zp2YVknBiXW5V6iXnTU+nPe47Bk6OLXFH8Z9p5U2Zb/EEAhM+Bppx1XKE19n58wLMgc3q2Lglai+ufAnEi8HEFRdzGUSxPLcsDQNh2y+d7INitFI09c+KYTPSvLF7VZRq0+n23G2GVOg1GCuozk5ZLGXYsrjkkuZrqRTPx48jpc0/9GT root@ubuntu-xenial
-----END SSH HOST KEY KEYS-----
[   31.805191] cloud-init[1560]: Cloud-init v. 21.1-19-gbad84ad4-0ubuntu1~16.04.2 running 'modules:final' at Sat, 23 Apr 2022 11:20:06 +0000. Up 31.51 seconds.
[   31.805464] cloud-init[1560]: ci-info: no authorized SSH keys fingerprints found for user ubuntu.
[   31.805624] cloud-init[1560]: Cloud-init v. 21.1-19-gbad84ad4-0ubuntu1~16.04.2 finished at Sat, 23 Apr 2022 11:20:06 +0000. Datasource DataSourceNoCloud [seed=/dev/sdb][dsmode=net].  Up 31.79 seconds
[  226.075432] e1000 0000:00:03.0 enp0s3: Detected Tx Unit Hang
[  226.075432]   Tx Queue             <0>
[  226.075432]   TDH                  <da>
[  226.075432]   TDT                  <dc>
[  226.075432]   next_to_use          <dc>
[  226.075432]   next_to_clean        <da>
[  226.075432] buffer_info[next_to_clean]
[  226.075432]   time_stamp           <ffffb639>
[  226.075432]   next_to_watch        <db>
[  226.075432]   jiffies              <ffffb7cf>
[  226.075432]   next_to_watch.status <0>
[  228.079199] e1000 0000:00:03.0 enp0s3: Detected Tx Unit Hang
[  228.079199]   Tx Queue             <0>
[  228.079199]   TDH                  <da>
[  228.079199]   TDT                  <dc>
[  228.079199]   next_to_use          <dc>
[  228.079199]   next_to_clean        <da>
[  228.079199] buffer_info[next_to_clean]
[  228.079199]   time_stamp           <ffffb639>
[  228.079199]   next_to_watch        <db>
[  228.079199]   jiffies              <ffffb9c4>
[  228.079199]   next_to_watch.status <0>
[  230.083249] e1000 0000:00:03.0 enp0s3: Detected Tx Unit Hang
[  230.083249]   Tx Queue             <0>
[  230.083249]   TDH                  <da>
[  230.083249]   TDT                  <dc>
[  230.083249]   next_to_use          <dc>
[  230.083249]   next_to_clean        <da>
[  230.083249] buffer_info[next_to_clean]
[  230.083249]   time_stamp           <ffffb639>
[  230.083249]   next_to_watch        <db>
[  230.083249]   jiffies              <ffffbbb9>
[  230.083249]   next_to_watch.status <0>
[  230.828947] e1000 0000:00:03.0 enp0s3: Reset adapter
